Component: ARM Compiler 5.06 update 3 (build 300) Tool: armlink [4d35c9]

==============================================================================

Section Cross References

    startup_stm32h743xx.o(STACK) refers (Special) to heapauxi.o(.text) for __use_two_region_memory
    startup_stm32h743xx.o(HEAP) refers (Special) to heapauxi.o(.text) for __use_two_region_memory
    startup_stm32h743xx.o(RESET) refers (Special) to heapauxi.o(.text) for __use_two_region_memory
    startup_stm32h743xx.o(RESET) refers to startup_stm32h743xx.o(STACK) for __initial_sp
    startup_stm32h743xx.o(RESET) refers to startup_stm32h743xx.o(.text) for Reset_Handler
    startup_stm32h743xx.o(RESET) refers to stm32h7xx_it.o(i.NMI_Handler) for NMI_Handler
    startup_stm32h743xx.o(RESET) refers to stm32h7xx_it.o(i.HardFault_Handler) for HardFault_Handler
    startup_stm32h743xx.o(RESET) refers to stm32h7xx_it.o(i.MemManage_Handler) for MemManage_Handler
    startup_stm32h743xx.o(RESET) refers to stm32h7xx_it.o(i.BusFault_Handler) for BusFault_Handler
    startup_stm32h743xx.o(RESET) refers to stm32h7xx_it.o(i.UsageFault_Handler) for UsageFault_Handler
    startup_stm32h743xx.o(RESET) refers to stm32h7xx_it.o(i.SVC_Handler) for SVC_Handler
    startup_stm32h743xx.o(RESET) refers to stm32h7xx_it.o(i.DebugMon_Handler) for DebugMon_Handler
    startup_stm32h743xx.o(RESET) refers to stm32h7xx_it.o(i.PendSV_Handler) for PendSV_Handler
    startup_stm32h743xx.o(RESET) refers to stm32h7xx_it.o(i.SysTick_Handler) for SysTick_Handler
    startup_stm32h743xx.o(RESET) refers to key_bsp.o(i.EXTI0_IRQHandler) for EXTI0_IRQHandler
    startup_stm32h743xx.o(RESET) refers to key_bsp.o(i.EXTI2_IRQHandler) for EXTI2_IRQHandler
    startup_stm32h743xx.o(RESET) refers to key_bsp.o(i.EXTI3_IRQHandler) for EXTI3_IRQHandler
    startup_stm32h743xx.o(RESET) refers to usart_bsp.o(i.USART1_IRQHandler) for USART1_IRQHandler
    startup_stm32h743xx.o(RESET) refers to key_bsp.o(i.EXTI15_10_IRQHandler) for EXTI15_10_IRQHandler
    startup_stm32h743xx.o(RESET) refers to hall.o(i.TIM5_IRQHandler) for TIM5_IRQHandler
    startup_stm32h743xx.o(RESET) refers to bldc_sys_ctrl.o(i.TIM6_DAC_IRQHandler) for TIM6_DAC_IRQHandler
    startup_stm32h743xx.o(.text) refers (Special) to heapauxi.o(.text) for __use_two_region_memory
    startup_stm32h743xx.o(.text) refers to system_stm32h7xx.o(i.SystemInit) for SystemInit
    startup_stm32h743xx.o(.text) refers to __main.o(!!!main) for __main
    startup_stm32h743xx.o(.text) refers to startup_stm32h743xx.o(HEAP) for Heap_Mem
    startup_stm32h743xx.o(.text) refers to startup_stm32h743xx.o(STACK) for Stack_Mem
    system_stm32h7xx.o(i.SystemCoreClockUpdate) refers to system_stm32h7xx.o(.data) for SystemCoreClock
    system_stm32h7xx.o(i.SystemCoreClockUpdate) refers to system_stm32h7xx.o(.constdata) for D1CorePrescTable
    stm32h7xx_hal.o(i.HAL_DeInit) refers to stm32h7xx_hal.o(i.HAL_MspDeInit) for HAL_MspDeInit
    stm32h7xx_hal.o(i.HAL_Delay) refers to stm32h7xx_hal.o(i.HAL_GetTick) for HAL_GetTick
    stm32h7xx_hal.o(i.HAL_Delay) refers to stm32h7xx_hal.o(.data) for uwTickFreq
    stm32h7xx_hal.o(i.HAL_GetTick) refers to stm32h7xx_hal.o(.data) for uwTick
    stm32h7xx_hal.o(i.HAL_GetTickFreq) refers to stm32h7xx_hal.o(.data) for uwTickFreq
    stm32h7xx_hal.o(i.HAL_GetTickPrio) refers to stm32h7xx_hal.o(.data) for uwTickPrio
    stm32h7xx_hal.o(i.HAL_IncTick) refers to stm32h7xx_hal.o(.data) for uwTick
    stm32h7xx_hal.o(i.HAL_Init) refers to stm32h7xx_hal_cortex.o(i.HAL_NVIC_SetPriorityGrouping) for HAL_NVIC_SetPriorityGrouping
    stm32h7xx_hal.o(i.HAL_Init) refers to stm32h7xx_hal_rcc.o(i.HAL_RCC_GetSysClockFreq) for HAL_RCC_GetSysClockFreq
    stm32h7xx_hal.o(i.HAL_Init) refers to stm32h7xx_hal.o(i.HAL_InitTick) for HAL_InitTick
    stm32h7xx_hal.o(i.HAL_Init) refers to stm32h7xx_hal.o(i.HAL_MspInit) for HAL_MspInit
    stm32h7xx_hal.o(i.HAL_Init) refers to system_stm32h7xx.o(.constdata) for D1CorePrescTable
    stm32h7xx_hal.o(i.HAL_Init) refers to system_stm32h7xx.o(.data) for SystemCoreClock
    stm32h7xx_hal.o(i.HAL_InitTick) refers to stm32h7xx_hal_cortex.o(i.HAL_SYSTICK_Config) for HAL_SYSTICK_Config
    stm32h7xx_hal.o(i.HAL_InitTick) refers to stm32h7xx_hal_cortex.o(i.HAL_NVIC_SetPriority) for HAL_NVIC_SetPriority
    stm32h7xx_hal.o(i.HAL_InitTick) refers to stm32h7xx_hal.o(.data) for uwTickFreq
    stm32h7xx_hal.o(i.HAL_InitTick) refers to system_stm32h7xx.o(.data) for SystemCoreClock
    stm32h7xx_hal.o(i.HAL_SYSCFG_EnableVREFBUF) refers to stm32h7xx_hal.o(i.HAL_GetTick) for HAL_GetTick
    stm32h7xx_hal.o(i.HAL_SetTickFreq) refers to stm32h7xx_hal.o(i.HAL_InitTick) for HAL_InitTick
    stm32h7xx_hal.o(i.HAL_SetTickFreq) refers to stm32h7xx_hal.o(.data) for uwTickFreq
    stm32h7xx_hal_adc.o(i.ADC_ConfigureBoostMode) refers to stm32h7xx_hal_rcc.o(i.HAL_RCC_GetHCLKFreq) for HAL_RCC_GetHCLKFreq
[...]
    i.__ARM_fpclassify                       0x08006d18   Section        0  fpclassify.o(i.__ARM_fpclassify)
    i.__NVIC_GetPriorityGrouping             0x08006d48   Section        0  stm32h7xx_hal_cortex.o(i.__NVIC_GetPriorityGrouping)
    __NVIC_GetPriorityGrouping               0x08006d49   Thumb Code    10  stm32h7xx_hal_cortex.o(i.__NVIC_GetPriorityGrouping)
    i.__NVIC_SetPriority                     0x08006d58   Section        0  stm32h7xx_hal_cortex.o(i.__NVIC_SetPriority)
    __NVIC_SetPriority                       0x08006d59   Thumb Code    32  stm32h7xx_hal_cortex.o(i.__NVIC_SetPriority)
    i._is_digit                              0x08006d80   Section        0  __printf_wp.o(i._is_digit)
    i._sys_exit                              0x08006d8e   Section        0  usart_bsp.o(i._sys_exit)
    i.bldc0_actutor_dir_set                  0x08006d92   Section        0  bldc_sys_bldc_drive.o(i.bldc0_actutor_dir_set)
    i.bldc0_actutor_disable                  0x08006d9e   Section        0  bldc_sys_bldc_drive.o(i.bldc0_actutor_disable)
    i.bldc0_actutor_enable                   0x08006daa   Section        0  bldc_sys_bldc_drive.o(i.bldc0_actutor_enable)
    i.bldc0_actutor_init                     0x08006db6   Section        0  bldc_sys_bldc_drive.o(i.bldc0_actutor_init)
    i.bldc0_actutor_speed_set                0x08006dc4   Section        0  bldc_sys_bldc_drive.o(i.bldc0_actutor_speed_set)
    i.bldc0_commutation_uhvl                 0x08006df8   Section        0  commutation.o(i.bldc0_commutation_uhvl)
    i.bldc0_commutation_uhwl                 0x08006e44   Section        0  commutation.o(i.bldc0_commutation_uhwl)
    i.bldc0_commutation_vhul                 0x08006e90   Section        0  commutation.o(i.bldc0_commutation_vhul)
    i.bldc0_commutation_vhwl                 0x08006ee0   Section        0  commutation.o(i.bldc0_commutation_vhwl)
    i.bldc0_commutation_whul                 0x08006f2c   Section        0  commutation.o(i.bldc0_commutation_whul)
    i.bldc0_commutation_whvl                 0x08006f78   Section        0  commutation.o(i.bldc0_commutation_whvl)
    i.bldc0_dir_set                          0x08006fc4   Section        0  pwm.o(i.bldc0_dir_set)
    i.bldc0_feedback_disable                 0x08006fd0   Section        0  bldc_sys_bldc_feedback.o(i.bldc0_feedback_disable)
    i.bldc0_feedback_enable                  0x08006fd8   Section        0  bldc_sys_bldc_feedback.o(i.bldc0_feedback_enable)
    i.bldc0_feedback_init                    0x08006fec   Section        0  bldc_sys_bldc_feedback.o(i.bldc0_feedback_init)
    i.bldc0_hall_commutation                 0x08006ff4   Section        0  commutation.o(i.bldc0_hall_commutation)
    i.bldc0_hall_commutation_failure         0x08007024   Section        0  commutation.o(i.bldc0_hall_commutation_failure)
    i.bldc0_hall_disable                     0x08007050   Section        0  hall.o(i.bldc0_hall_disable)
    i.bldc0_hall_enable                      0x08007080   Section        0  hall.o(i.bldc0_hall_enable)
    i.bldc0_hall_failure                     0x080070b0   Section        0  hall.o(i.bldc0_hall_failure)
    i.bldc0_hall_getstate                    0x080070c4   Section        0  hall.o(i.bldc0_hall_getstate)
    i.bldc0_hall_gpio_init                   0x0800710c   Section        0  hall.o(i.bldc0_hall_gpio_init)
    bldc0_hall_gpio_init                     0x0800710d   Thumb Code   180  hall.o(i.bldc0_hall_gpio_init)
    i.bldc0_hall_init                        0x080071cc   Section        0  hall.o(i.bldc0_hall_init)
    i.bldc0_hall_tim_init                    0x080071d8   Section        0  hall.o(i.bldc0_hall_tim_init)
    bldc0_hall_tim_init                      0x080071d9   Thumb Code   102  hall.o(i.bldc0_hall_tim_init)
    i.bldc0_loop                             0x0800724c   Section        0  bldc_sys_ctrl.o(i.bldc0_loop)
    i.bldc0_loop_disable                     0x08007258   Section        0  bldc_sys_ctrl.o(i.bldc0_loop_disable)
    i.bldc0_loop_enable                      0x08007268   Section        0  bldc_sys_ctrl.o(i.bldc0_loop_enable)
    i.bldc0_loop_init                        0x08007278   Section        0  bldc_sys_ctrl.o(i.bldc0_loop_init)
    i.bldc0_loop_tim_init                    0x08007280   Section        0  bldc_sys_ctrl.o(i.bldc0_loop_tim_init)
    bldc0_loop_tim_init                      0x08007281   Thumb Code    86  bldc_sys_ctrl.o(i.bldc0_loop_tim_init)
    i.bldc0_para_reset                       0x080072e4   Section        0  bldc_sys_ctrl.o(i.bldc0_para_reset)
    i.bldc0_pwm_disable                      0x08007320   Section        0  pwm.o(i.bldc0_pwm_disable)
    i.bldc0_pwm_enable                       0x08007384   Section        0  pwm.o(i.bldc0_pwm_enable)
    i.bldc0_pwm_gpio_init                    0x080073a4   Section        0  pwm.o(i.bldc0_pwm_gpio_init)
    bldc0_pwm_gpio_init                      0x080073a5   Thumb Code   326  pwm.o(i.bldc0_pwm_gpio_init)
    i.bldc0_pwm_init                         0x08007500   Section        0  pwm.o(i.bldc0_pwm_init)
    i.bldc0_pwm_set                          0x0800750c   Section        0  pwm.o(i.bldc0_pwm_set)
    i.bldc0_pwm_tim_init                     0x0800753c   Section        0  pwm.o(i.bldc0_pwm_tim_init)
    bldc0_pwm_tim_init                       0x0800753d   Thumb Code   154  pwm.o(i.bldc0_pwm_tim_init)
    i.bldc0_reverse                          0x080075e4   Section        0  bldc_sys_ctrl.o(i.bldc0_reverse)
    i.bldc0_sd_disable                       0x080075f8   Section        0  bldc_sys_bldc_drive.o(i.bldc0_sd_disable)
    i.bldc0_sd_enable                        0x0800760c   Section        0  bldc_sys_bldc_drive.o(i.bldc0_sd_enable)
    i.bldc0_sd_init                          0x08007620   Section        0  bldc_sys_bldc_drive.o(i.bldc0_sd_init)
    i.bldc0_speed_dir_feedback               0x0800766c   Section        0  bldc_sys_bldc_feedback.o(i.bldc0_speed_dir_feedback)
    bldc0_speed_dir_feedback                 0x0800766d   Thumb Code   196  bldc_sys_bldc_feedback.o(i.bldc0_speed_dir_feedback)
    i.bldc0_speed_down                       0x08007740   Section        0  bldc_sys_ctrl.o(i.bldc0_speed_down)
    i.bldc0_speed_feedback                   0x080077f8   Section        0  bldc_sys_bldc_feedback.o(i.bldc0_speed_feedback)
    i.bldc0_speed_loop                       0x0800793c   Section        0  bldc_sys_ctrl.o(i.bldc0_speed_loop)
    bldc0_speed_loop                         0x0800793d   Thumb Code   116  bldc_sys_ctrl.o(i.bldc0_speed_loop)
    i.bldc0_speed_up                         0x080079bc   Section        0  bldc_sys_ctrl.o(i.bldc0_speed_up)
    i.bldc0_system_disable                   0x08007a74   Section        0  bldc_sys_ctrl.o(i.bldc0_system_disable)
    i.bldc0_system_enable                    0x08007a88   Section        0  bldc_sys_ctrl.o(i.bldc0_system_enable)
    i.bldc0_system_init                      0x08007ad4   Section        0  bldc_sys_ctrl.o(i.bldc0_system_init)
    i.delay_init                             0x08007af4   Section        0  core_delay.o(i.delay_init)
    i.delay_ms                               0x08007b18   Section        0  core_delay.o(i.delay_ms)
    i.delay_us                               0x08007b4c   Section        0  core_delay.o(i.delay_us)
    i.fputc                                  0x08007b94   Section        0  usart_bsp.o(i.fputc)
    i.main                                   0x08007bb0   Section        0  main.o(i.main)
    locale$$code                             0x08007ea4   Section       44  lc_numeric_c.o(locale$$code)
    x$fpl$fpinit                             0x08007ed0   Section       10  fpinit.o(x$fpl$fpinit)
    $v0                                      0x08007ed0   Number         0  fpinit.o(x$fpl$fpinit)
    x$fpl$printf1                            0x08007eda   Section        4  printf1.o(x$fpl$printf1)
    $v0                                      0x08007eda   Number         0  printf1.o(x$fpl$printf1)
    .constdata                               0x08007ede   Section       16  system_stm32h7xx.o(.constdata)
    x$fpl$usenofp                            0x08007ede   Section        0  usenofp.o(x$fpl$usenofp)
    .constdata                               0x08007eee   Section       17  __printf_flags_wp.o(.constdata)
    maptable                                 0x08007eee   Data          17  __printf_flags_wp.o(.constdata)
    .constdata                               0x08007f00   Section      148  bigflt0.o(.constdata)
    tenpwrs_x                                0x08007f00   Data          60  bigflt0.o(.constdata)
    tenpwrs_i                                0x08007f3c   Data          64  bigflt0.o(.constdata)
    locale$$data                             0x08007fb4   Section       28  lc_numeric_c.o(locale$$data)
    __lcnum_c_name                           0x08007fb8   Data           2  lc_numeric_c.o(locale$$data)
    __lcnum_c_start                          0x08007fc0   Data           0  lc_numeric_c.o(locale$$data)
    __lcnum_c_point                          0x08007fcc   Data           0  lc_numeric_c.o(locale$$data)
    __lcnum_c_thousands                      0x08007fce   Data           0  lc_numeric_c.o(locale$$data)
    __lcnum_c_grouping                       0x08007fcf   Data           0  lc_numeric_c.o(locale$$data)
    __lcnum_c_end                            0x08007fd0   Data           0  lc_numeric_c.o(locale$$data)
    .data                                    0x20000000   Section        8  system_stm32h7xx.o(.data)
    .data                                    0x20000008   Section        9  stm32h7xx_hal.o(.data)
    .data                                    0x20000014   Section        4  main.o(.data)
    .data                                    0x20000018   Section        4  core_delay.o(.data)
    g_fac_us                                 0x20000018   Data           4  core_delay.o(.data)
    .data                                    0x2000001c   Section        8  usart_bsp.o(.data)
    .data                                    0x20000024   Section        1  bldc_sys_bldc_feedback.o(.data)
    hall_pos_last                            0x20000024   Data           1  bldc_sys_bldc_feedback.o(.data)
    .data                                    0x20000028   Section       24  commutation.o(.data)
    .bss                                     0x20000040   Section      556  main.o(.bss)
    .bss                                     0x2000026c   Section      340  usart_bsp.o(.bss)
    .bss                                     0x200003c0   Section       42  datascope_dp.o(.bss)
    .bss                                     0x200003ec   Section       96  libspace.o(.bss)
    HEAP                                     0x20000450   Section      512  startup_stm32h743xx.o(HEAP)
    Heap_Mem                                 0x20000450   Data         512  startup_stm32h743xx.o(HEAP)
    STACK                                    0x20000650   Section     1024  startup_stm32h743xx.o(STACK)
    Stack_Mem                                0x20000650   Data        1024  startup_stm32h743xx.o(STACK)
    __initial_sp                             0x20000a50   Data           0  startup_stm32h743xx.o(STACK)

    Global Symbols

    Symbol Name                              Value     Ov Type        Size  Object(Section)

    BuildAttributes$$THM_ISAv4$E$P$D$K$B$S$7EM$VFPv5_D16$PE$PLD8$A:L22UL41UL21$X:L11$S22US41US21$IEEE1$IW$USESV6$~STKCKD$USESV7$~SHL$OTIME$ROPI$IEEEJ$EBA8$UX$STANDARDLIB$REQ8$PRES8$EABIv2 0x00000000   Number         0  anon$$obj.o ABSOLUTE
    __ARM_use_no_argv                        0x00000000   Number         0  main.o ABSOLUTE
    _printf_flags                            0x00000000   Number         0  printf_stubs.o ABSOLUTE
    _printf_return_value                     0x00000000   Number         0  printf_stubs.o ABSOLUTE
    _printf_sizespec                         0x00000000   Number         0  printf_stubs.o ABSOLUTE
    _printf_widthprec                        0x00000000   Number         0  printf_stubs.o ABSOLUTE
    __ARM_exceptions_init                     - Undefined Weak Reference
    __alloca_initialize                       - Undefined Weak Reference
    __arm_preinit_                            - Undefined Weak Reference
    __cpp_initialize__aeabi_                  - Undefined Weak Reference
    __cxa_finalize                            - Undefined Weak Reference
    __sigvec_lookup                           - Undefined Weak Reference
    _atexit_init                              - Undefined Weak Reference
    _call_atexit_fns                          - Undefined Weak Reference
    _clock_init                               - Undefined Weak Reference
    _fp_trap_init                             - Undefined Weak Reference
    _fp_trap_shutdown                         - Undefined Weak Reference
    _get_lc_collate                           - Undefined Weak Reference
    _get_lc_ctype                             - Undefined Weak Reference
    _get_lc_monetary                          - Undefined Weak Reference
    _get_lc_time                              - Undefined Weak Reference
    _getenv_init                              - Undefined Weak Reference
    _handle_redirection                       - Undefined Weak Reference
    _init_alloc                               - Undefined Weak Reference
    _init_user_alloc                          - Undefined Weak Reference
    _initio                                   - Undefined Weak Reference
    _mutex_acquire                            - Undefined Weak Reference
    _mutex_release                            - Undefined Weak Reference
    _printf_post_padding                      - Undefined Weak Reference
    _printf_pre_padding                       - Undefined Weak Reference
    _printf_truncate_signed                   - Undefined Weak Reference
    _printf_truncate_unsigned                 - Undefined Weak Reference
    _rand_init                                - Undefined Weak Reference
    _signal_finish                            - Undefined Weak Reference
    _signal_init                              - Undefined Weak Reference
    _terminate_alloc                          - Undefined Weak Reference
    _terminate_user_alloc                     - Undefined Weak Reference
    _terminateio                              - Undefined Weak Reference
    __Vectors_Size                           0x00000298   Number         0  startup_stm32h743xx.o ABSOLUTE
    __Vectors                                0x08000000   Data           4  startup_stm32h743xx.o(RESET)
    __Vectors_End                            0x08000298   Data           0  startup_stm32h743xx.o(RESET)
    __main                                   0x08000299   Thumb Code     8  __main.o(!!!main)
    __scatterload                            0x080002a1   Thumb Code     0  __scatter.o(!!!scatter)
    __scatterload_rt2                        0x080002a1   Thumb Code    44  __scatter.o(!!!scatter)
    __scatterload_rt2_thumb_only             0x080002a1   Thumb Code     0  __scatter.o(!!!scatter)
    __scatterload_null                       0x080002af   Thumb Code     0  __scatter.o(!!!scatter)
    __scatterload_copy                       0x080002d5   Thumb Code    26  __scatter_copy.o(!!handler_copy)
    __scatterload_zeroinit                   0x080002f1   Thumb Code    28  __scatter_zi.o(!!handler_zi)
    _printf_f                                0x0800030d   Thumb Code     0  _printf_f.o(.ARM.Collect$$_printf_percent$$00000003)
    _printf_percent                          0x0800030d   Thumb Code     0  _printf_percent.o(.ARM.Collect$$_printf_percent$$00000000)
    _printf_d                                0x08000313   Thumb Code     0  _printf_d.o(.ARM.Collect$$_printf_percent$$00000009)
    _printf_percent_end                      0x08000319   Thumb Code     0  _printf_percent_end.o(.ARM.Collect$$_printf_percent$$00000017)
    __rt_lib_init                            0x0800031d   Thumb Code     0  libinit.o(.ARM.Collect$$libinit$$00000000)
    __rt_lib_init_fp_1                       0x0800031f   Thumb Code     0  libinit2.o(.ARM.Collect$$libinit$$00000001)
    __rt_lib_init_heap_1                     0x08000323   Thumb Code     0  libinit2.o(.ARM.Collect$$libinit$$0000000A)
    __rt_lib_init_lc_common                  0x08000323   Thumb Code     0  libinit2.o(.ARM.Collect$$libinit$$0000000F)
    __rt_lib_init_preinit_1                  0x08000323   Thumb Code     0  libinit2.o(.ARM.Collect$$libinit$$00000004)
    __rt_lib_init_rand_1                     0x08000323   Thumb Code     0  libinit2.o(.ARM.Collect$$libinit$$0000000E)
    __rt_lib_init_user_alloc_1               0x08000323   Thumb Code     0  libinit2.o(.ARM.Collect$$libinit$$0000000C)
    __rt_lib_init_lc_collate_1               0x08000329   Thumb Code     0  libinit2.o(.ARM.Collect$$libinit$$00000011)
    __rt_lib_init_lc_ctype_1                 0x08000329   Thumb Code     0  libinit2.o(.ARM.Collect$$libinit$$00000013)
    __rt_lib_init_lc_monetary_1              0x08000329   Thumb Code     0  libinit2.o(.ARM.Collect$$libinit$$00000015)
    __rt_lib_init_lc_numeric_2               0x08000329   Thumb Code     0  libinit2.o(.ARM.Collect$$libinit$$00000016)
    __rt_lib_init_alloca_1                   0x08000333   Thumb Code     0  libinit2.o(.ARM.Collect$$libinit$$0000002E)
    __rt_lib_init_argv_1                     0x08000333   Thumb Code     0  libinit2.o(.ARM.Collect$$libinit$$0000002C)
    __rt_lib_init_atexit_1                   0x08000333   Thumb Code     0  libinit2.o(.ARM.Collect$$libinit$$0000001B)
    __rt_lib_init_clock_1                    0x08000333   Thumb Code     0  libinit2.o(.ARM.Collect$$libinit$$00000021)
    __rt_lib_init_cpp_1                      0x08000333   Thumb Code     0  libinit2.o(.ARM.Collect$$libinit$$00000032)
    __rt_lib_init_exceptions_1               0x08000333   Thumb Code     0  libinit2.o(.ARM.Collect$$libinit$$00000030)
    __rt_lib_init_fp_trap_1                  0x08000333   Thumb Code     0  libinit2.o(.ARM.Collect$$libinit$$0000001F)
    __rt_lib_init_getenv_1                   0x08000333   Thumb Code     0  libinit2.o(.ARM.Collect$$libinit$$00000023)
    __rt_lib_init_lc_numeric_1               0x08000333   Thumb Code     0  libinit2.o(.ARM.Collect$$libinit$$00000017)
    __rt_lib_init_lc_time_1                  0x08000333   Thumb Code     0  libinit2.o(.ARM.Collect$$libinit$$00000019)
    __rt_lib_init_return                     0x08000333   Thumb Code     0  libinit2.o(.ARM.Collect$$libinit$$00000033)
    __rt_lib_init_signal_1                   0x08000333   Thumb Code     0  libinit2.o(.ARM.Collect$$libinit$$0000001D)
    __rt_lib_init_stdio_1                    0x08000333   Thumb Code     0  libinit2.o(.ARM.Collect$$libinit$$00000025)
    __rt_lib_shutdown                        0x08000335   Thumb Code     0  libshutdown.o(.ARM.Collect$$libshutdown$$00000000)
    __rt_lib_shutdown_cpp_1                  0x08000337   Thumb Code     0  libshutdown2.o(.ARM.Collect$$libshutdown$$00000002)
    __rt_lib_shutdown_fp_trap_1              0x08000337   Thumb Code     0  libshutdown2.o(.ARM.Collect$$libshutdown$$00000007)
    __rt_lib_shutdown_heap_1                 0x08000337   Thumb Code     0  libshutdown2.o(.ARM.Collect$$libshutdown$$0000000F)
    __rt_lib_shutdown_return                 0x08000337   Thumb Code     0  libshutdown2.o(.ARM.Collect$$libshutdown$$00000010)
    __rt_lib_shutdown_signal_1               0x08000337   Thumb Code     0  libshutdown2.o(.ARM.Collect$$libshutdown$$0000000A)
    __rt_lib_shutdown_stdio_1                0x08000337   Thumb Code     0  libshutdown2.o(.ARM.Collect$$libshutdown$$00000004)
    __rt_lib_shutdown_user_alloc_1           0x08000337   Thumb Code     0  libshutdown2.o(.ARM.Collect$$libshutdown$$0000000C)
    __rt_entry                               0x08000339   Thumb Code     0  __rtentry.o(.ARM.Collect$$rtentry$$00000000)
    __rt_entry_presh_1                       0x08000339   Thumb Code     0  __rtentry2.o(.ARM.Collect$$rtentry$$00000002)
    __rt_entry_sh                            0x08000339   Thumb Code     0  __rtentry4.o(.ARM.Collect$$rtentry$$00000004)
    __rt_entry_li                            0x0800033f   Thumb Code     0  __rtentry2.o(.ARM.Collect$$rtentry$$0000000A)
    __rt_entry_postsh_1                      0x0800033f   Thumb Code     0  __rtentry2.o(.ARM.Collect$$rtentry$$00000009)
    __rt_entry_main                          0x08000343   Thumb Code     0  __rtentry2.o(.ARM.Collect$$rtentry$$0000000D)
    __rt_entry_postli_1                      0x08000343   Thumb Code     0  __rtentry2.o(.ARM.Collect$$rtentry$$0000000C)
    __rt_exit                                0x0800034b   Thumb Code     0  rtexit.o(.ARM.Collect$$rtexit$$00000000)
    __rt_exit_ls                             0x0800034d   Thumb Code     0  rtexit2.o(.ARM.Collect$$rtexit$$00000003)
    __rt_exit_prels_1                        0x0800034d   Thumb Code     0  rtexit2.o(.ARM.Collect$$rtexit$$00000002)
    __rt_exit_exit                           0x08000351   Thumb Code     0  rtexit2.o(.ARM.Collect$$rtexit$$00000004)
    Reset_Handler                            0x08000359   Thumb Code     8  startup_stm32h743xx.o(.text)
    ADC3_IRQHandler                          0x08000373   Thumb Code     0  startup_stm32h743xx.o(.text)
    ADC_IRQHandler                           0x08000373   Thumb Code     0  startup_stm32h743xx.o(.text)
    BDMA_Channel0_IRQHandler                 0x08000373   Thumb Code     0  startup_stm32h743xx.o(.text)
    BDMA_Channel1_IRQHandler                 0x08000373   Thumb Code     0  startup_stm32h743xx.o(.text)
    BDMA_Channel2_IRQHandler                 0x08000373   Thumb Code     0  startup_stm32h743xx.o(.text)
    BDMA_Channel3_IRQHandler                 0x08000373   Thumb Code     0  startup_stm32h743xx.o(.text)
    BDMA_Channel4_IRQHandler                 0x08000373   Thumb Code     0  startup_stm32h743xx.o(.text)
    BDMA_Channel5_IRQHandler                 0x08000373   Thumb Code     0  startup_stm32h743xx.o(.text)
    BDMA_Channel6_IRQHandler                 0x08000373   Thumb Code     0  startup_stm32h743xx.o(.text)
    BDMA_Channel7_IRQHandler                 0x08000373   Thumb Code     0  startup_stm32h743xx.o(.text)
    CEC_IRQHandler                           0x08000373   Thumb Code     0  startup_stm32h743xx.o(.text)
    COMP1_IRQHandler                         0x08000373   Thumb Code     0  startup_stm32h743xx.o(.text)
    CRS_IRQHandler                           0x08000373   Thumb Code     0  startup_stm32h743xx.o(.text)
    DCMI_IRQHandler                          0x08000373   Thumb Code     0  startup_stm32h743xx.o(.text)
    DFSDM1_FLT0_IRQHandler                   0x08000373   Thumb Code     0  startup_stm32h743xx.o(.text)
    DFSDM1_FLT1_IRQHandler                   0x08000373   Thumb Code     0  startup_stm32h743xx.o(.text)
    DFSDM1_FLT2_IRQHandler                   0x08000373   Thumb Code     0  startup_stm32h743xx.o(.text)
    DFSDM1_FLT3_IRQHandler                   0x08000373   Thumb Code     0  startup_stm32h743xx.o(.text)
    DMA1_Stream0_IRQHandler                  0x08000373   Thumb Code     0  startup_stm32h743xx.o(.text)
    DMA1_Stream1_IRQHandler                  0x08000373   Thumb Code     0  startup_stm32h743xx.o(.text)
    DMA1_Stream2_IRQHandler                  0x08000373   Thumb Code     0  startup_stm32h743xx.o(.text)
    DMA1_Stream3_IRQHandler                  0x08000373   Thumb Code     0  startup_stm32h743xx.o(.text)
    DMA1_Stream4_IRQHandler                  0x08000373   Thumb Code     0  startup_stm32h743xx.o(.text)
    DMA1_Stream5_IRQHandler                  0x08000373   Thumb Code     0  startup_stm32h743xx.o(.text)
    DMA1_Stream6_IRQHandler                  0x08000373   Thumb Code     0  startup_stm32h743xx.o(.text)
    DMA1_Stream7_IRQHandler                  0x08000373   Thumb Code     0  startup_stm32h743xx.o(.text)
    DMA2D_IRQHandler                         0x08000373   Thumb Code     0  startup_stm32h743xx.o(.text)
    DMA2_Stream0_IRQHandler                  0x08000373   Thumb Code     0  startup_stm32h743xx.o(.text)
    DMA2_Stream1_IRQHandler                  0x08000373   Thumb Code     0  startup_stm32h743xx.o(.text)
    DMA2_Stream2_IRQHandler                  0x08000373   Thumb Code     0  startup_stm32h743xx.o(.text)
    DMA2_Stream3_IRQHandler                  0x08000373   Thumb Code     0  startup_stm32h743xx.o(.text)
    DMA2_Stream4_IRQHandler                  0x08000373   Thumb Code     0  startup_stm32h743xx.o(.text)
    DMA2_Stream5_IRQHandler                  0x08000373   Thumb Code     0  startup_stm32h743xx.o(.text)
    DMA2_Stream6_IRQHandler                  0x08000373   Thumb Code     0  startup_stm32h743xx.o(.text)
    DMA2_Stream7_IRQHandler                  0x08000373   Thumb Code     0  startup_stm32h743xx.o(.text)
    DMAMUX1_OVR_IRQHandler                   0x08000373   Thumb Code     0  startup_stm32h743xx.o(.text)
    DMAMUX2_OVR_IRQHandler                   0x08000373   Thumb Code     0  startup_stm32h743xx.o(.text)
    ECC_IRQHandler                           0x08000373   Thumb Code     0  startup_stm32h743xx.o(.text)
    ETH_IRQHandler                           0x08000373   Thumb Code     0  startup_stm32h743xx.o(.text)
    ETH_WKUP_IRQHandler                      0x08000373   Thumb Code     0  startup_stm32h743xx.o(.text)
    EXTI1_IRQHandler                         0x08000373   Thumb Code     0  startup_stm32h743xx.o(.text)
    EXTI4_IRQHandler                         0x08000373   Thumb Code     0  startup_stm32h743xx.o(.text)
    EXTI9_5_IRQHandler                       0x08000373   Thumb Code     0  startup_stm32h743xx.o(.text)
    FDCAN1_IT0_IRQHandler                    0x08000373   Thumb Code     0  startup_stm32h743xx.o(.text)
    FDCAN1_IT1_IRQHandler                    0x08000373   Thumb Code     0  startup_stm32h743xx.o(.text)
    FDCAN2_IT0_IRQHandler                    0x08000373   Thumb Code     0  startup_stm32h743xx.o(.text)
    FDCAN2_IT1_IRQHandler                    0x08000373   Thumb Code     0  startup_stm32h743xx.o(.text)
    FDCAN_CAL_IRQHandler                     0x08000373   Thumb Code     0  startup_stm32h743xx.o(.text)
    FLASH_IRQHandler                         0x08000373   Thumb Code     0  startup_stm32h743xx.o(.text)
    FMC_IRQHandler                           0x08000373   Thumb Code     0  startup_stm32h743xx.o(.text)
    FPU_IRQHandler                           0x08000373   Thumb Code     0  startup_stm32h743xx.o(.text)
    HRTIM1_FLT_IRQHandler                    0x08000373   Thumb Code     0  startup_stm32h743xx.o(.text)
    HRTIM1_Master_IRQHandler                 0x08000373   Thumb Code     0  startup_stm32h743xx.o(.text)
    HRTIM1_TIMA_IRQHandler                   0x08000373   Thumb Code     0  startup_stm32h743xx.o(.text)
    HRTIM1_TIMB_IRQHandler                   0x08000373   Thumb Code     0  startup_stm32h743xx.o(.text)
    HRTIM1_TIMC_IRQHandler                   0x08000373   Thumb Code     0  startup_stm32h743xx.o(.text)
    HRTIM1_TIMD_IRQHandler                   0x08000373   Thumb Code     0  startup_stm32h743xx.o(.text)
    HRTIM1_TIME_IRQHandler                   0x08000373   Thumb Code     0  startup_stm32h743xx.o(.text)
    HSEM1_IRQHandler                         0x08000373   Thumb Code     0  startup_stm32h743xx.o(.text)
    I2C1_ER_IRQHandler                       0x08000373   Thumb Code     0  startup_stm32h743xx.o(.text)
    I2C1_EV_IRQHandler                       0x08000373   Thumb Code     0  startup_stm32h743xx.o(.text)
    I2C2_ER_IRQHandler                       0x08000373   Thumb Code     0  startup_stm32h743xx.o(.text)
    I2C2_EV_IRQHandler                       0x08000373   Thumb Code     0  startup_stm32h743xx.o(.text)
    I2C3_ER_IRQHandler                       0x08000373   Thumb Code     0  startup_stm32h743xx.o(.text)
    I2C3_EV_IRQHandler                       0x08000373   Thumb Code     0  startup_stm32h743xx.o(.text)
    I2C4_ER_IRQHandler                       0x08000373   Thumb Code     0  startup_stm32h743xx.o(.text)
    I2C4_EV_IRQHandler                       0x08000373   Thumb Code     0  startup_stm32h743xx.o(.text)
    JPEG_IRQHandler                          0x08000373   Thumb Code     0  startup_stm32h743xx.o(.text)
    LPTIM1_IRQHandler                        0x08000373   Thumb Code     0  startup_stm32h743xx.o(.text)
    LPTIM2_IRQHandler                        0x08000373   Thumb Code     0  startup_stm32h743xx.o(.text)
    LPTIM3_IRQHandler                        0x08000373   Thumb Code     0  startup_stm32h743xx.o(.text)
    LPTIM4_IRQHandler                        0x08000373   Thumb Code     0  startup_stm32h743xx.o(.text)
    LPTIM5_IRQHandler                        0x08000373   Thumb Code     0  startup_stm32h743xx.o(.text)
    LPUART1_IRQHandler                       0x08000373   Thumb Code     0  startup_stm32h743xx.o(.text)
    LTDC_ER_IRQHandler                       0x08000373   Thumb Code     0  startup_stm32h743xx.o(.text)
    LTDC_IRQHandler                          0x08000373   Thumb Code     0  startup_stm32h743xx.o(.text)
    MDIOS_IRQHandler                         0x08000373   Thumb Code     0  startup_stm32h743xx.o(.text)
    MDIOS_WKUP_IRQHandler                    0x08000373   Thumb Code     0  startup_stm32h743xx.o(.text)
    MDMA_IRQHandler                          0x08000373   Thumb Code     0  startup_stm32h743xx.o(.text)
    OTG_FS_EP1_IN_IRQHandler                 0x08000373   Thumb Code     0  startup_stm32h743xx.o(.text)
    OTG_FS_EP1_OUT_IRQHandler                0x08000373   Thumb Code     0  startup_stm32h743xx.o(.text)
    OTG_FS_IRQHandler                        0x08000373   Thumb Code     0  startup_stm32h743xx.o(.text)
    OTG_FS_WKUP_IRQHandler                   0x08000373   Thumb Code     0  startup_stm32h743xx.o(.text)
    OTG_HS_EP1_IN_IRQHandler                 0x08000373   Thumb Code     0  startup_stm32h743xx.o(.text)
    OTG_HS_EP1_OUT_IRQHandler                0x08000373   Thumb Code     0  startup_stm32h743xx.o(.text)
    OTG_HS_IRQHandler                        0x08000373   Thumb Code     0  startup_stm32h743xx.o(.text)
    OTG_HS_WKUP_IRQHandler                   0x08000373   Thumb Code     0  startup_stm32h743xx.o(.text)
    PVD_AVD_IRQHandler                       0x08000373   Thumb Code     0  startup_stm32h743xx.o(.text)
    QUADSPI_IRQHandler                       0x08000373   Thumb Code     0  startup_stm32h743xx.o(.text)
    RCC_IRQHandler                           0x08000373   Thumb Code     0  startup_stm32h743xx.o(.text)
    RNG_IRQHandler                           0x08000373   Thumb Code     0  startup_stm32h743xx.o(.text)
    RTC_Alarm_IRQHandler                     0x08000373   Thumb Code     0  startup_stm32h743xx.o(.text)
    RTC_WKUP_IRQHandler                      0x08000373   Thumb Code     0  startup_stm32h743xx.o(.text)
    SAI1_IRQHandler                          0x08000373   Thumb Code     0  startup_stm32h743xx.o(.text)
    SAI2_IRQHandler                          0x08000373   Thumb Code     0  startup_stm32h743xx.o(.text)
    SAI3_IRQHandler                          0x08000373   Thumb Code     0  startup_stm32h743xx.o(.text)
    SAI4_IRQHandler                          0x08000373   Thumb Code     0  startup_stm32h743xx.o(.text)
    SDMMC1_IRQHandler                        0x08000373   Thumb Code     0  startup_stm32h743xx.o(.text)
    SDMMC2_IRQHandler                        0x08000373   Thumb Code     0  startup_stm32h743xx.o(.text)
    SPDIF_RX_IRQHandler                      0x08000373   Thumb Code     0  startup_stm32h743xx.o(.text)
    SPI1_IRQHandler                          0x08000373   Thumb Code     0  startup_stm32h743xx.o(.text)
    SPI2_IRQHandler                          0x08000373   Thumb Code     0  startup_stm32h743xx.o(.text)
    SPI3_IRQHandler                          0x08000373   Thumb Code     0  startup_stm32h743xx.o(.text)
    SPI4_IRQHandler                          0x08000373   Thumb Code     0  startup_stm32h743xx.o(.text)
    SPI5_IRQHandler                          0x08000373   Thumb Code     0  startup_stm32h743xx.o(.text)
    SPI6_IRQHandler                          0x08000373   Thumb Code     0  startup_stm32h743xx.o(.text)
    SWPMI1_IRQHandler                        0x08000373   Thumb Code     0  startup_stm32h743xx.o(.text)
    TAMP_STAMP_IRQHandler                    0x08000373   Thumb Code     0  startup_stm32h743xx.o(.text)
    TIM15_IRQHandler                         0x08000373   Thumb Code     0  startup_stm32h743xx.o(.text)
    TIM16_IRQHandler                         0x08000373   Thumb Code     0  startup_stm32h743xx.o(.text)
    TIM17_IRQHandler                         0x08000373   Thumb Code     0  startup_stm32h743xx.o(.text)
    TIM1_BRK_IRQHandler                      0x08000373   Thumb Code     0  startup_stm32h743xx.o(.text)
    TIM1_CC_IRQHandler                       0x08000373   Thumb Code     0  startup_stm32h743xx.o(.text)
    TIM1_TRG_COM_IRQHandler                  0x08000373   Thumb Code     0  startup_stm32h743xx.o(.text)
    TIM1_UP_IRQHandler                       0x08000373   Thumb Code     0  startup_stm32h743xx.o(.text)
    TIM2_IRQHandler                          0x08000373   Thumb Code     0  startup_stm32h743xx.o(.text)
    TIM3_IRQHandler                          0x08000373   Thumb Code     0  startup_stm32h743xx.o(.text)
    TIM4_IRQHandler                          0x08000373   Thumb Code     0  startup_stm32h743xx.o(.text)
    TIM7_IRQHandler                          0x08000373   Thumb Code     0  startup_stm32h743xx.o(.text)
    TIM8_BRK_TIM12_IRQHandler                0x08000373   Thumb Code     0  startup_stm32h743xx.o(.text)
    TIM8_CC_IRQHandler                       0x08000373   Thumb Code     0  startup_stm32h743xx.o(.text)
    TIM8_TRG_COM_TIM14_IRQHandler            0x08000373   Thumb Code     0  startup_stm32h743xx.o(.text)
    TIM8_UP_TIM13_IRQHandler                 0x08000373   Thumb Code     0  startup_stm32h743xx.o(.text)
    UART4_IRQHandler                         0x08000373   Thumb Code     0  startup_stm32h743xx.o(.text)
    UART5_IRQHandler                         0x08000373   Thumb Code     0  startup_stm32h743xx.o(.text)
    UART7_IRQHandler                         0x08000373   Thumb Code     0  startup_stm32h743xx.o(.text)
    UART8_IRQHandler                         0x08000373   Thumb Code     0  startup_stm32h743xx.o(.text)
    USART2_IRQHandler                        0x08000373   Thumb Code     0  startup_stm32h743xx.o(.text)
    USART3_IRQHandler                        0x08000373   Thumb Code     0  startup_stm32h743xx.o(.text)
    USART6_IRQHandler                        0x08000373   Thumb Code     0  startup_stm32h743xx.o(.text)
    WAKEUP_PIN_IRQHandler                    0x08000373   Thumb Code     0  startup_stm32h743xx.o(.text)
    WWDG_IRQHandler                          0x08000373   Thumb Code     0  startup_stm32h743xx.o(.text)
    __user_initial_stackheap                 0x08000375   Thumb Code     0  startup_stm32h743xx.o(.text)
    __aeabi_uldivmod                         0x08000399   Thumb Code     0  lludivv7m.o(.text)
    _ll_udiv                                 0x08000399   Thumb Code   238  lludivv7m.o(.text)
    __2printf                                0x08000489   Thumb Code    20  noretval__2printf.o(.text)
    _printf_int_dec                          0x080004a1   Thumb Code   104  _printf_dec.o(.text)
    __printf                                 0x08000519   Thumb Code   308  __printf_flags_wp.o(.text)
    __aeabi_memclr4                          0x08000651   Thumb Code     0  rt_memclr_w.o(.text)
    __aeabi_memclr8                          0x08000651   Thumb Code     0  rt_memclr_w.o(.text)
    __rt_memclr_w                            0x08000651   Thumb Code    78  rt_memclr_w.o(.text)
    _memset_w                                0x08000655   Thumb Code     0  rt_memclr_w.o(.text)
    __use_two_region_memory                  0x0800069f   Thumb Code     2  heapauxi.o(.text)
    __rt_heap_escrow$2region                 0x080006a1   Thumb Code     2  heapauxi.o(.text)
    __rt_heap_expand$2region                 0x080006a3   Thumb Code     2  heapauxi.o(.text)
    _printf_int_common                       0x080006a5   Thumb Code   178  _printf_intcommon.o(.text)
    __lib_sel_fp_printf                      0x08000757   Thumb Code     2  _printf_fp_dec.o(.text)
    _printf_fp_dec_real                      0x08000905   Thumb Code   620  _printf_fp_dec.o(.text)
    _printf_char_file                        0x08000b71   Thumb Code    32  _printf_char_file.o(.text)
    __rt_locale                              0x08000b95   Thumb Code     8  rt_locale_intlibspace.o(.text)
    _ll_udiv10                               0x08000b9d   Thumb Code   138  lludiv10.o(.text)
    _printf_char_common                      0x08000c33   Thumb Code    32  _printf_char_common.o(.text)
    _printf_fp_infnan                        0x08000c59   Thumb Code   112  _printf_fp_infnan.o(.text)
    _btod_etento                             0x08000cd9   Thumb Code   216  bigflt0.o(.text)
    ferror                                   0x08000db5   Thumb Code     8  ferror.o(.text)
    __user_libspace                          0x08000dbd   Thumb Code     8  libspace.o(.text)
    __user_perproc_libspace                  0x08000dbd   Thumb Code     0  libspace.o(.text)
    __user_perthread_libspace                0x08000dbd   Thumb Code     0  libspace.o(.text)
    __user_setup_stackheap                   0x08000dc5   Thumb Code    74  sys_stackheap_outer.o(.text)
    exit                                     0x08000e0f   Thumb Code    18  exit.o(.text)
    strcmp                                   0x08000e21   Thumb Code   104  strcmpv7m_pel.o(.text)
    _btod_d2e                                0x08000e89   Thumb Code    62  btod.o(CL$$btod_d2e)
    _d2e_denorm_low                          0x08000ec7   Thumb Code    70  btod.o(CL$$btod_d2e_denorm_low)
    _d2e_norm_op1                            0x08000f0d   Thumb Code    96  btod.o(CL$$btod_d2e_norm_op1)
    __btod_div_common                        0x08000f6d   Thumb Code   696  btod.o(CL$$btod_div_common)
    _e2e                                     0x080012a5   Thumb Code   198  btod.o(CL$$btod_e2e)
    _btod_ediv                               0x0800136b   Thumb Code    40  btod.o(CL$$btod_ediv)
    _btod_emul                               0x08001393   Thumb Code    40  btod.o(CL$$btod_emul)
    __btod_mult_common                       0x080013bb   Thumb Code   580  btod.o(CL$$btod_mult_common)
    BusFault_Handler                         0x080015ff   Thumb Code     4  stm32h7xx_it.o(i.BusFault_Handler)
    DataScope                                0x08001605   Thumb Code    98  datascope_dp.o(i.DataScope)
    DataScope_Data_Generate                  0x08001675   Thumb Code   148  datascope_dp.o(i.DataScope_Data_Generate)
    DataScope_Get_Channel_Data               0x0800170d   Thumb Code   162  datascope_dp.o(i.DataScope_Get_Channel_Data)
    DebugMon_Handler                         0x080017b5   Thumb Code     2  stm32h7xx_it.o(i.DebugMon_Handler)
    EXTI0_IRQHandler                         0x080017b7   Thumb Code    10  key_bsp.o(i.EXTI0_IRQHandler)
    EXTI15_10_IRQHandler                     0x080017c1   Thumb Code    12  key_bsp.o(i.EXTI15_10_IRQHandler)
    EXTI2_IRQHandler                         0x080017cd   Thumb Code    10  key_bsp.o(i.EXTI2_IRQHandler)
    EXTI3_IRQHandler                         0x080017d7   Thumb Code    10  key_bsp.o(i.EXTI3_IRQHandler)
    Float2Byte                               0x080017e1   Thumb Code    28  datascope_dp.o(i.Float2Byte)
    HAL_DMA_Abort_IT                         0x080017fd   Thumb Code   664  stm32h7xx_hal_dma.o(i.HAL_DMA_Abort_IT)
    HAL_GPIO_EXTI_Callback                   0x08001a9d   Thumb Code   110  key_bsp.o(i.HAL_GPIO_EXTI_Callback)
    HAL_GPIO_EXTI_IRQHandler                 0x08001b1d   Thumb Code    24  stm32h7xx_hal_gpio.o(i.HAL_GPIO_EXTI_IRQHandler)
    HAL_GPIO_Init                            0x08001b39   Thumb Code   468  stm32h7xx_hal_gpio.o(i.HAL_GPIO_Init)
    HAL_GPIO_ReadPin                         0x08001d41   Thumb Code    16  stm32h7xx_hal_gpio.o(i.HAL_GPIO_ReadPin)
    HAL_GPIO_WritePin                        0x08001d51   Thumb Code    12  stm32h7xx_hal_gpio.o(i.HAL_GPIO_WritePin)
    HAL_GetREVID                             0x08001d5d   Thumb Code     8  stm32h7xx_hal.o(i.HAL_GetREVID)
    HAL_GetTick                              0x08001d69   Thumb Code     6  stm32h7xx_hal.o(i.HAL_GetTick)
    HAL_Init                                 0x08001d75   Thumb Code    80  stm32h7xx_hal.o(i.HAL_Init)
    HAL_InitTick                             0x08001dd5   Thumb Code    74  stm32h7xx_hal.o(i.HAL_InitTick)
    HAL_MspInit                              0x08001e2d   Thumb Code     2  stm32h7xx_hal.o(i.HAL_MspInit)
    HAL_NVIC_EnableIRQ                       0x08001e2f   Thumb Code    32  stm32h7xx_hal_cortex.o(i.HAL_NVIC_EnableIRQ)
    HAL_NVIC_SetPriority                     0x08001e4f   Thumb Code   122  stm32h7xx_hal_cortex.o(i.HAL_NVIC_SetPriority)
    HAL_NVIC_SetPriorityGrouping             0x08001ec9   Thumb Code    32  stm32h7xx_hal_cortex.o(i.HAL_NVIC_SetPriorityGrouping)
    HAL_PWREx_ConfigSupply                   0x08001ef1   Thumb Code    90  stm32h7xx_hal_pwr_ex.o(i.HAL_PWREx_ConfigSupply)
    HAL_RCCEx_GetD1SysClockFreq              0x08001f51   Thumb Code    34  stm32h7xx_hal_rcc_ex.o(i.HAL_RCCEx_GetD1SysClockFreq)
    HAL_RCCEx_GetD3PCLK1Freq                 0x08001f81   Thumb Code    26  stm32h7xx_hal_rcc_ex.o(i.HAL_RCCEx_GetD3PCLK1Freq)
    HAL_RCCEx_GetPLL2ClockFreq               0x08001fa5   Thumb Code   536  stm32h7xx_hal_rcc_ex.o(i.HAL_RCCEx_GetPLL2ClockFreq)
    HAL_RCCEx_GetPLL3ClockFreq               0x080021d5   Thumb Code   536  stm32h7xx_hal_rcc_ex.o(i.HAL_RCCEx_GetPLL3ClockFreq)
    HAL_RCCEx_PeriphCLKConfig                0x08002405   Thumb Code  2880  stm32h7xx_hal_rcc_ex.o(i.HAL_RCCEx_PeriphCLKConfig)
    HAL_RCC_ClockConfig                      0x08002f49   Thumb Code   748  stm32h7xx_hal_rcc.o(i.HAL_RCC_ClockConfig)
    HAL_RCC_GetHCLKFreq                      0x08003249   Thumb Code    34  stm32h7xx_hal_rcc.o(i.HAL_RCC_GetHCLKFreq)
    HAL_RCC_GetPCLK1Freq                     0x08003279   Thumb Code    26  stm32h7xx_hal_rcc.o(i.HAL_RCC_GetPCLK1Freq)
    HAL_RCC_GetPCLK2Freq                     0x0800329d   Thumb Code    26  stm32h7xx_hal_rcc.o(i.HAL_RCC_GetPCLK2Freq)
    HAL_RCC_GetSysClockFreq                  0x080032c1   Thumb Code   524  stm32h7xx_hal_rcc.o(i.HAL_RCC_GetSysClockFreq)
    HAL_RCC_OscConfig                        0x080034ed   Thumb Code  1854  stm32h7xx_hal_rcc.o(i.HAL_RCC_OscConfig)
    HAL_SYSTICK_CLKSourceConfig              0x08003c35   Thumb Code    40  stm32h7xx_hal_cortex.o(i.HAL_SYSTICK_CLKSourceConfig)
    HAL_SYSTICK_Callback                     0x08003c5d   Thumb Code     2  stm32h7xx_hal_cortex.o(i.HAL_SYSTICK_Callback)
    HAL_SYSTICK_Config                       0x08003c5f   Thumb Code    52  stm32h7xx_hal_cortex.o(i.HAL_SYSTICK_Config)
    HAL_SYSTICK_IRQHandler                   0x08003c93   Thumb Code     8  stm32h7xx_hal_cortex.o(i.HAL_SYSTICK_IRQHandler)
    HAL_TIMEx_Break2Callback                 0x08003c9b   Thumb Code     2  stm32h7xx_hal_tim_ex.o(i.HAL_TIMEx_Break2Callback)
    HAL_TIMEx_BreakCallback                  0x08003c9d   Thumb Code     2  stm32h7xx_hal_tim_ex.o(i.HAL_TIMEx_BreakCallback)
    HAL_TIMEx_CommutCallback                 0x08003c9f   Thumb Code     2  stm32h7xx_hal_tim_ex.o(i.HAL_TIMEx_CommutCallback)
    HAL_TIMEx_ConfigCommutEvent              0x08003ca1   Thumb Code   134  stm32h7xx_hal_tim_ex.o(i.HAL_TIMEx_ConfigCommutEvent)
    HAL_TIMEx_HallSensor_Init                0x08003d2d   Thumb Code   208  stm32h7xx_hal_tim_ex.o(i.HAL_TIMEx_HallSensor_Init)
    HAL_TIMEx_HallSensor_MspInit             0x08003e05   Thumb Code     2  stm32h7xx_hal_tim_ex.o(i.HAL_TIMEx_HallSensor_MspInit)
    HAL_TIMEx_HallSensor_Start               0x08003e09   Thumb Code    50  stm32h7xx_hal_tim_ex.o(i.HAL_TIMEx_HallSensor_Start)
    HAL_TIMEx_HallSensor_Stop                0x08003e41   Thumb Code    56  stm32h7xx_hal_tim_ex.o(i.HAL_TIMEx_HallSensor_Stop)
    HAL_TIM_Base_Init                        0x08003e79   Thumb Code    52  stm32h7xx_hal_tim.o(i.HAL_TIM_Base_Init)
    HAL_TIM_Base_MspInit                     0x08003ead   Thumb Code     2  stm32h7xx_hal_tim.o(i.HAL_TIM_Base_MspInit)
    HAL_TIM_Base_Start_IT                    0x08003eb1   Thumb Code    50  stm32h7xx_hal_tim.o(i.HAL_TIM_Base_Start_IT)
    HAL_TIM_Base_Stop_IT                     0x08003ee9   Thumb Code    56  stm32h7xx_hal_tim.o(i.HAL_TIM_Base_Stop_IT)
    HAL_TIM_GenerateEvent                    0x08003f21   Thumb Code    54  stm32h7xx_hal_tim.o(i.HAL_TIM_GenerateEvent)
    HAL_TIM_IC_CaptureCallback               0x08003f57   Thumb Code     2  stm32h7xx_hal_tim.o(i.HAL_TIM_IC_CaptureCallback)
    HAL_TIM_IRQHandler                       0x08003f59   Thumb Code   440  stm32h7xx_hal_tim.o(i.HAL_TIM_IRQHandler)
    HAL_TIM_OC_DelayElapsedCallback          0x08004111   Thumb Code     2  stm32h7xx_hal_tim.o(i.HAL_TIM_OC_DelayElapsedCallback)
    HAL_TIM_PWM_ConfigChannel                0x08004113   Thumb Code   372  stm32h7xx_hal_tim.o(i.HAL_TIM_PWM_ConfigChannel)
    HAL_TIM_PWM_Init                         0x08004287   Thumb Code    52  stm32h7xx_hal_tim.o(i.HAL_TIM_PWM_Init)
    HAL_TIM_PWM_MspInit                      0x080042bb   Thumb Code     2  stm32h7xx_hal_tim.o(i.HAL_TIM_PWM_MspInit)
    HAL_TIM_PWM_PulseFinishedCallback        0x080042bd   Thumb Code     2  stm32h7xx_hal_tim.o(i.HAL_TIM_PWM_PulseFinishedCallback)
    HAL_TIM_PWM_Start                        0x080042c1   Thumb Code   112  stm32h7xx_hal_tim.o(i.HAL_TIM_PWM_Start)
    HAL_TIM_PWM_Stop                         0x08004349   Thumb Code   150  stm32h7xx_hal_tim.o(i.HAL_TIM_PWM_Stop)
    HAL_TIM_PeriodElapsedCallback            0x080043f5   Thumb Code    30  bldc_sys_tim_callback.o(i.HAL_TIM_PeriodElapsedCallback)
    HAL_TIM_TriggerCallback                  0x08004419   Thumb Code    68  bldc_sys_tim_callback.o(i.HAL_TIM_TriggerCallback)
    HAL_UARTEx_RxFifoFullCallback            0x08004461   Thumb Code     2  stm32h7xx_hal_uart_ex.o(i.HAL_UARTEx_RxFifoFullCallback)
    HAL_UARTEx_TxFifoEmptyCallback           0x08004463   Thumb Code     2  stm32h7xx_hal_uart_ex.o(i.HAL_UARTEx_TxFifoEmptyCallback)
    HAL_UARTEx_WakeupCallback                0x08004465   Thumb Code     2  stm32h7xx_hal_uart_ex.o(i.HAL_UARTEx_WakeupCallback)
    HAL_UART_ErrorCallback                   0x08004467   Thumb Code     2  stm32h7xx_hal_uart.o(i.HAL_UART_ErrorCallback)
    HAL_UART_IRQHandler                      0x08004469   Thumb Code   512  stm32h7xx_hal_uart.o(i.HAL_UART_IRQHandler)
    HAL_UART_Init                            0x08004675   Thumb Code   120  stm32h7xx_hal_uart.o(i.HAL_UART_Init)
    HAL_UART_MspInit                         0x080046ed   Thumb Code   138  usart_bsp.o(i.HAL_UART_MspInit)
    HAL_UART_Transmit                        0x08004785   Thumb Code   212  stm32h7xx_hal_uart.o(i.HAL_UART_Transmit)
    HAL_UART_TxCpltCallback                  0x08004859   Thumb Code     2  stm32h7xx_hal_uart.o(i.HAL_UART_TxCpltCallback)
    HardFault_Handler                        0x0800485b   Thumb Code     4  stm32h7xx_it.o(i.HardFault_Handler)
    KEY_BSP_Init                             0x08004861   Thumb Code   214  key_bsp.o(i.KEY_BSP_Init)
    LED_BSP_Init                             0x08004951   Thumb Code    58  led_bsp.o(i.LED_BSP_Init)
    MemManage_Handler                        0x08004995   Thumb Code     4  stm32h7xx_it.o(i.MemManage_Handler)
    NMI_Handler                              0x08004999   Thumb Code     2  stm32h7xx_it.o(i.NMI_Handler)
    PendSV_Handler                           0x0800499b   Thumb Code     2  stm32h7xx_it.o(i.PendSV_Handler)
    SVC_Handler                              0x08004c65   Thumb Code     2  stm32h7xx_it.o(i.SVC_Handler)
    SysTick_Handler                          0x08004c67   Thumb Code     8  stm32h7xx_it.o(i.SysTick_Handler)
    SystemInit                               0x08004d69   Thumb Code   146  system_stm32h7xx.o(i.SystemInit)
    TIM5_IRQHandler                          0x08004e11   Thumb Code    10  hall.o(i.TIM5_IRQHandler)
    TIM6_DAC_IRQHandler                      0x08004e21   Thumb Code    10  bldc_sys_ctrl.o(i.TIM6_DAC_IRQHandler)
    TIM_Base_SetConfig                       0x08004e31   Thumb Code   170  stm32h7xx_hal_tim.o(i.TIM_Base_SetConfig)
    TIM_CCxChannelCmd                        0x08004efd   Thumb Code    34  stm32h7xx_hal_tim.o(i.TIM_CCxChannelCmd)
    TIM_OC2_SetConfig                        0x08004fcd   Thumb Code   156  stm32h7xx_hal_tim.o(i.TIM_OC2_SetConfig)
    TIM_TI1_SetConfig                        0x08005279   Thumb Code   114  stm32h7xx_hal_tim.o(i.TIM_TI1_SetConfig)
    UART1_BSP_Init                           0x08005309   Thumb Code    96  usart_bsp.o(i.UART1_BSP_Init)
    UART_AdvFeatureConfig                    0x08005371   Thumb Code   248  stm32h7xx_hal_uart.o(i.UART_AdvFeatureConfig)
    UART_CheckIdleState                      0x08005469   Thumb Code   116  stm32h7xx_hal_uart.o(i.UART_CheckIdleState)
    UART_SetConfig                           0x08005541   Thumb Code  5860  stm32h7xx_hal_uart.o(i.UART_SetConfig)
    UART_WaitOnFlagUntilTimeout              0x08006c31   Thumb Code   190  stm32h7xx_hal_uart.o(i.UART_WaitOnFlagUntilTimeout)
    USART1_IRQHandler                        0x08006cf1   Thumb Code    32  usart_bsp.o(i.USART1_IRQHandler)
    UsageFault_Handler                       0x08006d15   Thumb Code     4  stm32h7xx_it.o(i.UsageFault_Handler)
    __ARM_fpclassify                         0x08006d19   Thumb Code    48  fpclassify.o(i.__ARM_fpclassify)
    _is_digit                                0x08006d81   Thumb Code    14  __printf_wp.o(i._is_digit)
    _sys_exit                                0x08006d8f   Thumb Code     4  usart_bsp.o(i._sys_exit)
    bldc0_actutor_dir_set                    0x08006d93   Thumb Code    12  bldc_sys_bldc_drive.o(i.bldc0_actutor_dir_set)
    bldc0_actutor_disable                    0x08006d9f   Thumb Code    12  bldc_sys_bldc_drive.o(i.bldc0_actutor_disable)
    bldc0_actutor_enable                     0x08006dab   Thumb Code    12  bldc_sys_bldc_drive.o(i.bldc0_actutor_enable)
    bldc0_actutor_init                       0x08006db7   Thumb Code    12  bldc_sys_bldc_drive.o(i.bldc0_actutor_init)
    bldc0_actutor_speed_set                  0x08006dc5   Thumb Code    48  bldc_sys_bldc_drive.o(i.bldc0_actutor_speed_set)
    bldc0_commutation_uhvl                   0x08006df9   Thumb Code    62  commutation.o(i.bldc0_commutation_uhvl)
    bldc0_commutation_uhwl                   0x08006e45   Thumb Code    62  commutation.o(i.bldc0_commutation_uhwl)
    bldc0_commutation_vhul                   0x08006e91   Thumb Code    66  commutation.o(i.bldc0_commutation_vhul)
    bldc0_commutation_vhwl                   0x08006ee1   Thumb Code    64  commutation.o(i.bldc0_commutation_vhwl)
    bldc0_commutation_whul                   0x08006f2d   Thumb Code    64  commutation.o(i.bldc0_commutation_whul)
    bldc0_commutation_whvl                   0x08006f79   Thumb Code    62  commutation.o(i.bldc0_commutation_whvl)
    bldc0_dir_set                            0x08006fc5   Thumb Code     8  pwm.o(i.bldc0_dir_set)
    bldc0_feedback_disable                   0x08006fd1   Thumb Code     8  bldc_sys_bldc_feedback.o(i.bldc0_feedback_disable)
    bldc0_feedback_enable                    0x08006fd9   Thumb Code    16  bldc_sys_bldc_feedback.o(i.bldc0_feedback_enable)
    bldc0_feedback_init                      0x08006fed   Thumb Code     8  bldc_sys_bldc_feedback.o(i.bldc0_feedback_init)
    bldc0_hall_commutation                   0x08006ff5   Thumb Code    38  commutation.o(i.bldc0_hall_commutation)
    bldc0_hall_commutation_failure           0x08007025   Thumb Code    38  commutation.o(i.bldc0_hall_commutation_failure)
    bldc0_hall_disable                       0x08007051   Thumb Code    42  hall.o(i.bldc0_hall_disable)
    bldc0_hall_enable                        0x08007081   Thumb Code    42  hall.o(i.bldc0_hall_enable)
    bldc0_hall_failure                       0x080070b1   Thumb Code    16  hall.o(i.bldc0_hall_failure)
    bldc0_hall_getstate                      0x080070c5   Thumb Code    62  hall.o(i.bldc0_hall_getstate)
    bldc0_hall_init                          0x080071cd   Thumb Code    12  hall.o(i.bldc0_hall_init)
    bldc0_loop                               0x0800724d   Thumb Code    12  bldc_sys_ctrl.o(i.bldc0_loop)
    bldc0_loop_disable                       0x08007259   Thumb Code    10  bldc_sys_ctrl.o(i.bldc0_loop_disable)
    bldc0_loop_enable                        0x08007269   Thumb Code    10  bldc_sys_ctrl.o(i.bldc0_loop_enable)
    bldc0_loop_init                          0x08007279   Thumb Code     8  bldc_sys_ctrl.o(i.bldc0_loop_init)
    bldc0_para_reset                         0x080072e5   Thumb Code    50  bldc_sys_ctrl.o(i.bldc0_para_reset)
    bldc0_pwm_disable                        0x08007321   Thumb Code    88  pwm.o(i.bldc0_pwm_disable)
    bldc0_pwm_enable                         0x08007385   Thumb Code    28  pwm.o(i.bldc0_pwm_enable)
    bldc0_pwm_init                           0x08007501   Thumb Code    12  pwm.o(i.bldc0_pwm_init)
    bldc0_pwm_set                            0x0800750d   Thumb Code    34  pwm.o(i.bldc0_pwm_set)
    bldc0_reverse                            0x080075e5   Thumb Code    16  bldc_sys_ctrl.o(i.bldc0_reverse)
    bldc0_sd_disable                         0x080075f9   Thumb Code    16  bldc_sys_bldc_drive.o(i.bldc0_sd_disable)
    bldc0_sd_enable                          0x0800760d   Thumb Code    14  bldc_sys_bldc_drive.o(i.bldc0_sd_enable)
    bldc0_sd_init                            0x08007621   Thumb Code    64  bldc_sys_bldc_drive.o(i.bldc0_sd_init)
    bldc0_speed_down                         0x08007741   Thumb Code   160  bldc_sys_ctrl.o(i.bldc0_speed_down)
    bldc0_speed_feedback                     0x080077f9   Thumb Code   300  bldc_sys_bldc_feedback.o(i.bldc0_speed_feedback)
    bldc0_speed_up                           0x080079bd   Thumb Code   160  bldc_sys_ctrl.o(i.bldc0_speed_up)
    bldc0_system_disable                     0x08007a75   Thumb Code    20  bldc_sys_ctrl.o(i.bldc0_system_disable)
    bldc0_system_enable                      0x08007a89   Thumb Code    70  bldc_sys_ctrl.o(i.bldc0_system_enable)
    bldc0_system_init                        0x08007ad5   Thumb Code    28  bldc_sys_ctrl.o(i.bldc0_system_init)
    delay_init                               0x08007af5   Thumb Code    24  core_delay.o(i.delay_init)
    delay_ms                                 0x08007b19   Thumb Code    50  core_delay.o(i.delay_ms)
    delay_us                                 0x08007b4d   Thumb Code    68  core_delay.o(i.delay_us)
    fputc                                    0x08007b95   Thumb Code    22  usart_bsp.o(i.fputc)
    main                                     0x08007bb1   Thumb Code   440  main.o(i.main)
    _get_lc_numeric                          0x08007ea5   Thumb Code    44  lc_numeric_c.o(locale$$code)
    _fp_init                                 0x08007ed1   Thumb Code    10  fpinit.o(x$fpl$fpinit)
    __fplib_config_fpu_vfp                   0x08007ed9   Thumb Code     0  fpinit.o(x$fpl$fpinit)
    __fplib_config_pureend_doubles           0x08007ed9   Thumb Code     0  fpinit.o(x$fpl$fpinit)
    _printf_fp_dec                           0x08007edb   Thumb Code     4  printf1.o(x$fpl$printf1)
    D1CorePrescTable                         0x08007ede   Data          16  system_stm32h7xx.o(.constdata)
    __I$use$fp                               0x08007ede   Number         0  usenofp.o(x$fpl$usenofp)
    Region$$Table$$Base                      0x08007f94   Number         0  anon$$obj.o(Region$$Table)
    Region$$Table$$Limit                     0x08007fb4   Number         0  anon$$obj.o(Region$$Table)
    SystemCoreClock                          0x20000000   Data           4  system_stm32h7xx.o(.data)
    SystemD2Clock                            0x20000004   Data           4  system_stm32h7xx.o(.data)
    uwTick                                   0x20000008   Data           4  stm32h7xx_hal.o(.data)
    uwTickPrio                               0x2000000c   Data           4  stm32h7xx_hal.o(.data)
    uwTickFreq                               0x20000010   Data           1  stm32h7xx_hal.o(.data)
    Key_Value                                0x20000014   Data           4  main.o(.data)
    USART_RX_STA                             0x2000001c   Data           2  usart_bsp.o(.data)
    aRxBuffer                                0x2000001e   Data           1  usart_bsp.o(.data)
    __stdout                                 0x20000020   Data           4  usart_bsp.o(.data)
    bldc0_commutation_funptr                 0x20000028   Data          24  commutation.o(.data)
    BLDC0                                    0x20000040   Data         492  main.o(.bss)
    pid_pos_controller0                      0x2000022c   Data          32  main.o(.bss)
    pid_inc_controller0                      0x2000024c   Data          32  main.o(.bss)
    USART_RX_BUF                             0x2000026c   Data         200  usart_bsp.o(.bss)
    UART1_Handle                             0x20000334   Data         140  usart_bsp.o(.bss)
    DataScope_OutPut_Buffer                  0x200003c0   Data          42  datascope_dp.o(.bss)
    __libspace_start                         0x200003ec   Data          96  libspace.o(.bss)
    __temporary_stack_top$libspace           0x2000044c   Data           0  libspace.o(.bss)



==============================================================================

Memory Map of the image

  Image Entry point : 0x08000299

  Load Region LR_IROM1 (Base: 0x08000000, Size: 0x00008010, Max: 0x00100000, ABSOLUTE)

    Execution Region ER_IROM1 (Base: 0x08000000, Size: 0x00007fd0, Max: 0x00100000, ABSOLUTE)

    Base Addr    Size         Type   Attr      Idx    E Section Name        Object

    0x08000000   0x00000298   Data   RO            3    RESET               startup_stm32h743xx.o
    0x08000298   0x00000008   Code   RO         5288  * !!!main             c_w.l(__main.o)
    0x080002a0   0x00000034   Code   RO         5514    !!!scatter          c_w.l(__scatter.o)
    0x080002d4   0x0000001a   Code   RO         5516    !!handler_copy      c_w.l(__scatter_copy.o)
    0x080002ee   0x00000002   PAD
    0x080002f0   0x0000001c   Code   RO         5518    !!handler_zi        c_w.l(__scatter_zi.o)
    0x0800030c   0x00000000   Code   RO         5283    .ARM.Collect$$_printf_percent$$00000000  c_w.l(_printf_percent.o)
    0x0800030c   0x00000006   Code   RO         5282    .ARM.Collect$$_printf_percent$$00000003  c_w.l(_printf_f.o)
    0x08000312   0x00000006   Code   RO         5281    .ARM.Collect$$_printf_percent$$00000009  c_w.l(_printf_d.o)
    0x08000318   0x00000004   Code   RO         5303    .ARM.Collect$$_printf_percent$$00000017  c_w.l(_printf_percent_end.o)
    0x0800031c   0x00000002   Code   RO         5389    .ARM.Collect$$libinit$$00000000  c_w.l(libinit.o)
    0x0800031e   0x00000004   Code   RO         5390    .ARM.Collect$$libinit$$00000001  c_w.l(libinit2.o)
    0x08000322   0x00000000   Code   RO         5393    .ARM.Collect$$libinit$$00000004  c_w.l(libinit2.o)
    0x08000322   0x00000000   Code   RO         5396    .ARM.Collect$$libinit$$0000000A  c_w.l(libinit2.o)
    0x08000322   0x00000000   Code   RO         5398    .ARM.Collect$$libinit$$0000000C  c_w.l(libinit2.o)
    0x08000322   0x00000000   Code   RO         5400    .ARM.Collect$$libinit$$0000000E  c_w.l(libinit2.o)
    0x08000322   0x00000006   Code   RO         5401    .ARM.Collect$$libinit$$0000000F  c_w.l(libinit2.o)
    0x08000328   0x00000000   Code   RO         5403    .ARM.Collect$$libinit$$00000011  c_w.l(libinit2.o)
    0x08000328   0x00000000   Code   RO         5405    .ARM.Collect$$libinit$$00000013  c_w.l(libinit2.o)
    0x08000328   0x00000000   Code   RO         5407    .ARM.Collect$$libinit$$00000015  c_w.l(libinit2.o)
    0x08000328   0x0000000a   Code   RO         5408    .ARM.Collect$$libinit$$00000016  c_w.l(libinit2.o)
    0x08000332   0x00000000   Code   RO         5409    .ARM.Collect$$libinit$$00000017  c_w.l(libinit2.o)
    0x08000332   0x00000000   Code   RO         5411    .ARM.Collect$$libinit$$00000019  c_w.l(libinit2.o)
    0x08000332   0x00000000   Code   RO         5413    .ARM.Collect$$libinit$$0000001B  c_w.l(libinit2.o)
    0x08000332   0x00000000   Code   RO         5415    .ARM.Collect$$libinit$$0000001D  c_w.l(libinit2.o)
    0x08000332   0x00000000   Code   RO         5417    .ARM.Collect$$libinit$$0000001F  c_w.l(libinit2.o)
    0x08000332   0x00000000   Code   RO         5419    .ARM.Collect$$libinit$$00000021  c_w.l(libinit2.o)
    0x08000332   0x00000000   Code   RO         5421    .ARM.Collect$$libinit$$00000023  c_w.l(libinit2.o)
    0x08000332   0x00000000   Code   RO         5423    .ARM.Collect$$libinit$$00000025  c_w.l(libinit2.o)
    0x08000332   0x00000000   Code   RO         5427    .ARM.Collect$$libinit$$0000002C  c_w.l(libinit2.o)
    0x08000332   0x00000000   Code   RO         5429    .ARM.Collect$$libinit$$0000002E  c_w.l(libinit2.o)
    0x08000332   0x00000000   Code   RO         5431    .ARM.Collect$$libinit$$00000030  c_w.l(libinit2.o)
    0x08000332   0x00000000   Code   RO         5433    .ARM.Collect$$libinit$$00000032  c_w.l(libinit2.o)
    0x08000332   0x00000002   Code   RO         5434    .ARM.Collect$$libinit$$00000033  c_w.l(libinit2.o)
    0x08000334   0x00000002   Code   RO         5476    .ARM.Collect$$libshutdown$$00000000  c_w.l(libshutdown.o)
    0x08000336   0x00000000   Code   RO         5497    .ARM.Collect$$libshutdown$$00000002  c_w.l(libshutdown2.o)
    0x08000336   0x00000000   Code   RO         5499    .ARM.Collect$$libshutdown$$00000004  c_w.l(libshutdown2.o)
    0x08000336   0x00000000   Code   RO         5502    .ARM.Collect$$libshutdown$$00000007  c_w.l(libshutdown2.o)
    0x08000336   0x00000000   Code   RO         5505    .ARM.Collect$$libshutdown$$0000000A  c_w.l(libshutdown2.o)
    0x08000336   0x00000000   Code   RO         5507    .ARM.Collect$$libshutdown$$0000000C  c_w.l(libshutdown2.o)
    0x08000336   0x00000000   Code   RO         5510    .ARM.Collect$$libshutdown$$0000000F  c_w.l(libshutdown2.o)
    0x08000336   0x00000002   Code   RO         5511    .ARM.Collect$$libshutdown$$00000010  c_w.l(libshutdown2.o)
    0x08000338   0x00000000   Code   RO         5292    .ARM.Collect$$rtentry$$00000000  c_w.l(__rtentry.o)
    0x08000338   0x00000000   Code   RO         5305    .ARM.Collect$$rtentry$$00000002  c_w.l(__rtentry2.o)
    0x08000338   0x00000006   Code   RO         5317    .ARM.Collect$$rtentry$$00000004  c_w.l(__rtentry4.o)
    0x0800033e   0x00000000   Code   RO         5307    .ARM.Collect$$rtentry$$00000009  c_w.l(__rtentry2.o)
    0x0800033e   0x00000004   Code   RO         5308    .ARM.Collect$$rtentry$$0000000A  c_w.l(__rtentry2.o)
    0x08000342   0x00000000   Code   RO         5310    .ARM.Collect$$rtentry$$0000000C  c_w.l(__rtentry2.o)
    0x08000342   0x00000008   Code   RO         5311    .ARM.Collect$$rtentry$$0000000D  c_w.l(__rtentry2.o)
    0x0800034a   0x00000002   Code   RO         5435    .ARM.Collect$$rtexit$$00000000  c_w.l(rtexit.o)
    0x0800034c   0x00000000   Code   RO         5448    .ARM.Collect$$rtexit$$00000002  c_w.l(rtexit2.o)
    0x0800034c   0x00000004   Code   RO         5449    .ARM.Collect$$rtexit$$00000003  c_w.l(rtexit2.o)
    0x08000350   0x00000006   Code   RO         5450    .ARM.Collect$$rtexit$$00000004  c_w.l(rtexit2.o)
    0x08000356   0x00000002   PAD
    0x08000358   0x00000040   Code   RO            4    .text               startup_stm32h743xx.o
    0x08000398   0x000000ee   Code   RO         5251    .text               c_w.l(lludivv7m.o)
    0x08000486   0x00000002   PAD
    0x08000488   0x00000018   Code   RO         5255    .text               c_w.l(noretval__2printf.o)
    0x080004a0   0x00000078   Code   RO         5259    .text               c_w.l(_printf_dec.o)
    0x08000518   0x00000138   Code   RO         5273    .text               c_w.l(__printf_flags_wp.o)
    0x08000650   0x0000004e   Code   RO         5284    .text               c_w.l(rt_memclr_w.o)
    0x0800069e   0x00000006   Code   RO         5286    .text               c_w.l(heapauxi.o)
    0x080006a4   0x000000b2   Code   RO         5297    .text               c_w.l(_printf_intcommon.o)
    0x08000756   0x0000041a   Code   RO         5299    .text               c_w.l(_printf_fp_dec.o)
    0x08000b70   0x00000024   Code   RO         5301    .text               c_w.l(_printf_char_file.o)
    0x08000b94   0x00000008   Code   RO         5324    .text               c_w.l(rt_locale_intlibspace.o)
    0x08000b9c   0x0000008a   Code   RO         5326    .text               c_w.l(lludiv10.o)
    0x08000c26   0x00000002   PAD
    0x08000c28   0x00000030   Code   RO         5328    .text               c_w.l(_printf_char_common.o)
    0x08000c58   0x00000080   Code   RO         5330    .text               c_w.l(_printf_fp_infnan.o)
    0x08000cd8   0x000000dc   Code   RO         5332    .text               c_w.l(bigflt0.o)
    0x08000db4   0x00000008   Code   RO         5357    .text               c_w.l(ferror.o)
    0x08000dbc   0x00000008   Code   RO         5369    .text               c_w.l(libspace.o)
    0x08000dc4   0x0000004a   Code   RO         5372    .text               c_w.l(sys_stackheap_outer.o)
    0x08000e0e   0x00000012   Code   RO         5376    .text               c_w.l(exit.o)
    0x08000e20   0x00000068   Code   RO         5382    .text               c_w.l(strcmpv7m_pel.o)
    0x08000e88   0x0000003e   Code   RO         5335    CL$$btod_d2e        c_w.l(btod.o)
    0x08000ec6   0x00000046   Code   RO         5337    CL$$btod_d2e_denorm_low  c_w.l(btod.o)
    0x08000f0c   0x00000060   Code   RO         5336    CL$$btod_d2e_norm_op1  c_w.l(btod.o)
    0x08000f6c   0x00000338   Code   RO         5345    CL$$btod_div_common  c_w.l(btod.o)
    0x080012a4   0x000000c6   Code   RO         5342    CL$$btod_e2e        c_w.l(btod.o)
    0x0800136a   0x00000028   Code   RO         5339    CL$$btod_ediv       c_w.l(btod.o)
    0x08001392   0x00000028   Code   RO         5338    CL$$btod_emul       c_w.l(btod.o)
    0x080013ba   0x00000244   Code   RO         5344    CL$$btod_mult_common  c_w.l(btod.o)
    0x080015fe   0x00000004   Code   RO         4349    i.BusFault_Handler  stm32h7xx_it.o
    0x08001602   0x00000002   PAD
    0x08001604   0x00000070   Code   RO         5203    i.DataScope         datascope_dp.o
    0x08001674   0x00000098   Code   RO         5204    i.DataScope_Data_Generate  datascope_dp.o
    0x0800170c   0x000000a8   Code   RO         5205    i.DataScope_Get_Channel_Data  datascope_dp.o
    0x080017b4   0x00000002   Code   RO         4350    i.DebugMon_Handler  stm32h7xx_it.o
    0x080017b6   0x0000000a   Code   RO         4555    i.EXTI0_IRQHandler  key_bsp.o
    0x080017c0   0x0000000c   Code   RO         4556    i.EXTI15_10_IRQHandler  key_bsp.o
    0x080017cc   0x0000000a   Code   RO         4557    i.EXTI2_IRQHandler  key_bsp.o
    0x080017d6   0x0000000a   Code   RO         4558    i.EXTI3_IRQHandler  key_bsp.o
    0x080017e0   0x0000001c   Code   RO         5206    i.Float2Byte        datascope_dp.o
    0x080017fc   0x000002a0   Code   RO         1023    i.HAL_DMA_Abort_IT  stm32h7xx_hal_dma.o
    0x08001a9c   0x00000080   Code   RO         4559    i.HAL_GPIO_EXTI_Callback  key_bsp.o
    0x08001b1c   0x0000001c   Code   RO         1500    i.HAL_GPIO_EXTI_IRQHandler  stm32h7xx_hal_gpio.o
    0x08001b38   0x00000208   Code   RO         1501    i.HAL_GPIO_Init     stm32h7xx_hal_gpio.o
    0x08001d40   0x00000010   Code   RO         1503    i.HAL_GPIO_ReadPin  stm32h7xx_hal_gpio.o
    0x08001d50   0x0000000c   Code   RO         1505    i.HAL_GPIO_WritePin  stm32h7xx_hal_gpio.o
    0x08001d5c   0x0000000c   Code   RO          188    i.HAL_GetREVID      stm32h7xx_hal.o
    0x08001d68   0x0000000c   Code   RO          189    i.HAL_GetTick       stm32h7xx_hal.o
    0x08001d74   0x00000060   Code   RO          196    i.HAL_Init          stm32h7xx_hal.o
    0x08001dd4   0x00000058   Code   RO          197    i.HAL_InitTick      stm32h7xx_hal.o
    0x08001e2c   0x00000002   Code   RO          199    i.HAL_MspInit       stm32h7xx_hal.o
    0x08001e2e   0x00000020   Code   RO         4140    i.HAL_NVIC_EnableIRQ  stm32h7xx_hal_cortex.o
    0x08001e4e   0x0000007a   Code   RO         4146    i.HAL_NVIC_SetPriority  stm32h7xx_hal_cortex.o
    0x08001ec8   0x00000028   Code   RO         4147    i.HAL_NVIC_SetPriorityGrouping  stm32h7xx_hal_cortex.o
    0x08001ef0   0x00000060   Code   RO         3541    i.HAL_PWREx_ConfigSupply  stm32h7xx_hal_pwr_ex.o
    0x08001f50   0x00000030   Code   RO         3908    i.HAL_RCCEx_GetD1SysClockFreq  stm32h7xx_hal_rcc_ex.o
    0x08001f80   0x00000024   Code   RO         3909    i.HAL_RCCEx_GetD3PCLK1Freq  stm32h7xx_hal_rcc_ex.o
    0x08001fa4   0x00000230   Code   RO         3911    i.HAL_RCCEx_GetPLL2ClockFreq  stm32h7xx_hal_rcc_ex.o
    0x080021d4   0x00000230   Code   RO         3912    i.HAL_RCCEx_GetPLL3ClockFreq  stm32h7xx_hal_rcc_ex.o
    0x08002404   0x00000b44   Code   RO         3916    i.HAL_RCCEx_PeriphCLKConfig  stm32h7xx_hal_rcc_ex.o
    0x08002f48   0x00000300   Code   RO         3795    i.HAL_RCC_ClockConfig  stm32h7xx_hal_rcc.o
    0x08003248   0x00000030   Code   RO         3800    i.HAL_RCC_GetHCLKFreq  stm32h7xx_hal_rcc.o
    0x08003278   0x00000024   Code   RO         3802    i.HAL_RCC_GetPCLK1Freq  stm32h7xx_hal_rcc.o
    0x0800329c   0x00000024   Code   RO         3803    i.HAL_RCC_GetPCLK2Freq  stm32h7xx_hal_rcc.o
    0x080032c0   0x0000022c   Code   RO         3804    i.HAL_RCC_GetSysClockFreq  stm32h7xx_hal_rcc.o
    0x080034ec   0x00000748   Code   RO         3807    i.HAL_RCC_OscConfig  stm32h7xx_hal_rcc.o
    0x08003c34   0x00000028   Code   RO         4149    i.HAL_SYSTICK_CLKSourceConfig  stm32h7xx_hal_cortex.o
    0x08003c5c   0x00000002   Code   RO         4150    i.HAL_SYSTICK_Callback  stm32h7xx_hal_cortex.o
    0x08003c5e   0x00000034   Code   RO         4151    i.HAL_SYSTICK_Config  stm32h7xx_hal_cortex.o
    0x08003c92   0x00000008   Code   RO         4152    i.HAL_SYSTICK_IRQHandler  stm32h7xx_hal_cortex.o
    0x08003c9a   0x00000002   Code   RO         2274    i.HAL_TIMEx_Break2Callback  stm32h7xx_hal_tim_ex.o
    0x08003c9c   0x00000002   Code   RO         2275    i.HAL_TIMEx_BreakCallback  stm32h7xx_hal_tim_ex.o
    0x08003c9e   0x00000002   Code   RO         2276    i.HAL_TIMEx_CommutCallback  stm32h7xx_hal_tim_ex.o
    0x08003ca0   0x0000008c   Code   RO         2280    i.HAL_TIMEx_ConfigCommutEvent  stm32h7xx_hal_tim_ex.o
    0x08003d2c   0x000000d8   Code   RO         2286    i.HAL_TIMEx_HallSensor_Init  stm32h7xx_hal_tim_ex.o
    0x08003e04   0x00000002   Code   RO         2288    i.HAL_TIMEx_HallSensor_MspInit  stm32h7xx_hal_tim_ex.o
    0x08003e06   0x00000002   PAD
    0x08003e08   0x00000038   Code   RO         2289    i.HAL_TIMEx_HallSensor_Start  stm32h7xx_hal_tim_ex.o
    0x08003e40   0x00000038   Code   RO         2292    i.HAL_TIMEx_HallSensor_Stop  stm32h7xx_hal_tim_ex.o
    0x08003e78   0x00000034   Code   RO         1566    i.HAL_TIM_Base_Init  stm32h7xx_hal_tim.o
    0x08003eac   0x00000002   Code   RO         1568    i.HAL_TIM_Base_MspInit  stm32h7xx_hal_tim.o
    0x08003eae   0x00000002   PAD
    0x08003eb0   0x00000038   Code   RO         1571    i.HAL_TIM_Base_Start_IT  stm32h7xx_hal_tim.o
    0x08003ee8   0x00000038   Code   RO         1574    i.HAL_TIM_Base_Stop_IT  stm32h7xx_hal_tim.o
    0x08003f20   0x00000036   Code   RO         1596    i.HAL_TIM_GenerateEvent  stm32h7xx_hal_tim.o
    0x08003f56   0x00000002   Code   RO         1597    i.HAL_TIM_IC_CaptureCallback  stm32h7xx_hal_tim.o
    0x08003f58   0x000001b8   Code   RO         1611    i.HAL_TIM_IRQHandler  stm32h7xx_hal_tim.o
    0x08004110   0x00000002   Code   RO         1614    i.HAL_TIM_OC_DelayElapsedCallback  stm32h7xx_hal_tim.o
    0x08004112   0x00000174   Code   RO         1635    i.HAL_TIM_PWM_ConfigChannel  stm32h7xx_hal_tim.o
    0x08004286   0x00000034   Code   RO         1638    i.HAL_TIM_PWM_Init  stm32h7xx_hal_tim.o
    0x080042ba   0x00000002   Code   RO         1640    i.HAL_TIM_PWM_MspInit  stm32h7xx_hal_tim.o
    0x080042bc   0x00000002   Code   RO         1641    i.HAL_TIM_PWM_PulseFinishedCallback  stm32h7xx_hal_tim.o
    0x080042be   0x00000002   PAD
    0x080042c0   0x00000088   Code   RO         1643    i.HAL_TIM_PWM_Start  stm32h7xx_hal_tim.o
    0x08004348   0x000000ac   Code   RO         1646    i.HAL_TIM_PWM_Stop  stm32h7xx_hal_tim.o
    0x080043f4   0x00000024   Code   RO         4911    i.HAL_TIM_PeriodElapsedCallback  bldc_sys_tim_callback.o
    0x08004418   0x00000048   Code   RO         4912    i.HAL_TIM_TriggerCallback  bldc_sys_tim_callback.o
    0x08004460   0x00000002   Code   RO         2954    i.HAL_UARTEx_RxFifoFullCallback  stm32h7xx_hal_uart_ex.o
    0x08004462   0x00000002   Code   RO         2958    i.HAL_UARTEx_TxFifoEmptyCallback  stm32h7xx_hal_uart_ex.o
    0x08004464   0x00000002   Code   RO         2959    i.HAL_UARTEx_WakeupCallback  stm32h7xx_hal_uart_ex.o
    0x08004466   0x00000002   Code   RO         2573    i.HAL_UART_ErrorCallback  stm32h7xx_hal_uart.o
    0x08004468   0x0000020c   Code   RO         2576    i.HAL_UART_IRQHandler  stm32h7xx_hal_uart.o
    0x08004674   0x00000078   Code   RO         2577    i.HAL_UART_Init     stm32h7xx_hal_uart.o
    0x080046ec   0x00000098   Code   RO         4610    i.HAL_UART_MspInit  usart_bsp.o
    0x08004784   0x000000d4   Code   RO         2586    i.HAL_UART_Transmit  stm32h7xx_hal_uart.o
    0x08004858   0x00000002   Code   RO         2589    i.HAL_UART_TxCpltCallback  stm32h7xx_hal_uart.o
    0x0800485a   0x00000004   Code   RO         4351    i.HardFault_Handler  stm32h7xx_it.o
    0x0800485e   0x00000002   PAD
    0x08004860   0x000000f0   Code   RO         4560    i.KEY_BSP_Init      key_bsp.o
    0x08004950   0x00000044   Code   RO         4531    i.LED_BSP_Init      led_bsp.o
    0x08004994   0x00000004   Code   RO         4352    i.MemManage_Handler  stm32h7xx_it.o
    0x08004998   0x00000002   Code   RO         4353    i.NMI_Handler       stm32h7xx_it.o
    0x0800499a   0x00000002   Code   RO         4354    i.PendSV_Handler    stm32h7xx_it.o
    0x0800499c   0x00000164   Code   RO         3919    i.RCCEx_PLL2_Config  stm32h7xx_hal_rcc_ex.o
    0x08004b00   0x00000164   Code   RO         3920    i.RCCEx_PLL3_Config  stm32h7xx_hal_rcc_ex.o
    0x08004c64   0x00000002   Code   RO         4355    i.SVC_Handler       stm32h7xx_it.o
    0x08004c66   0x00000008   Code   RO         4356    i.SysTick_Handler   stm32h7xx_it.o
    0x08004c6e   0x00000002   PAD
    0x08004c70   0x000000f8   Code   RO         4280    i.SystemClock_Config  main.o
    0x08004d68   0x000000a8   Code   RO           14    i.SystemInit        system_stm32h7xx.o
    0x08004e10   0x00000010   Code   RO         5012    i.TIM5_IRQHandler   hall.o
    0x08004e20   0x00000010   Code   RO         4810    i.TIM6_DAC_IRQHandler  bldc_sys_ctrl.o
    0x08004e30   0x000000cc   Code   RO         1656    i.TIM_Base_SetConfig  stm32h7xx_hal_tim.o
    0x08004efc   0x00000022   Code   RO         1657    i.TIM_CCxChannelCmd  stm32h7xx_hal_tim.o
    0x08004f1e   0x00000002   PAD
    0x08004f20   0x000000ac   Code   RO         1669    i.TIM_OC1_SetConfig  stm32h7xx_hal_tim.o
    0x08004fcc   0x000000b4   Code   RO         1670    i.TIM_OC2_SetConfig  stm32h7xx_hal_tim.o
    0x08005080   0x000000b0   Code   RO         1671    i.TIM_OC3_SetConfig  stm32h7xx_hal_tim.o
    0x08005130   0x00000070   Code   RO         1672    i.TIM_OC4_SetConfig  stm32h7xx_hal_tim.o
    0x080051a0   0x0000006c   Code   RO         1673    i.TIM_OC5_SetConfig  stm32h7xx_hal_tim.o
    0x0800520c   0x0000006c   Code   RO         1674    i.TIM_OC6_SetConfig  stm32h7xx_hal_tim.o
    0x08005278   0x00000090   Code   RO         1677    i.TIM_TI1_SetConfig  stm32h7xx_hal_tim.o
    0x08005308   0x00000068   Code   RO         4611    i.UART1_BSP_Init    usart_bsp.o
    0x08005370   0x000000f8   Code   RO         2591    i.UART_AdvFeatureConfig  stm32h7xx_hal_uart.o
    0x08005468   0x00000074   Code   RO         2592    i.UART_CheckIdleState  stm32h7xx_hal_uart.o
    0x080054dc   0x00000018   Code   RO         2593    i.UART_DMAAbortOnError  stm32h7xx_hal_uart.o
    0x080054f4   0x00000028   Code   RO         2603    i.UART_EndRxTransfer  stm32h7xx_hal_uart.o
    0x0800551c   0x00000022   Code   RO         2604    i.UART_EndTransmit_IT  stm32h7xx_hal_uart.o
    0x0800553e   0x00000002   PAD
    0x08005540   0x000016f0   Code   RO         2610    i.UART_SetConfig    stm32h7xx_hal_uart.o
    0x08006c30   0x000000be   Code   RO         2615    i.UART_WaitOnFlagUntilTimeout  stm32h7xx_hal_uart.o
    0x08006cee   0x00000002   PAD
    0x08006cf0   0x00000024   Code   RO         4612    i.USART1_IRQHandler  usart_bsp.o
    0x08006d14   0x00000004   Code   RO         4357    i.UsageFault_Handler  stm32h7xx_it.o
    0x08006d18   0x00000030   Code   RO         5367    i.__ARM_fpclassify  m_wv.l(fpclassify.o)
    0x08006d48   0x00000010   Code   RO         4153    i.__NVIC_GetPriorityGrouping  stm32h7xx_hal_cortex.o
    0x08006d58   0x00000028   Code   RO         4154    i.__NVIC_SetPriority  stm32h7xx_hal_cortex.o
    0x08006d80   0x0000000e   Code   RO         5271    i._is_digit         c_w.l(__printf_wp.o)
    0x08006d8e   0x00000004   Code   RO         4615    i._sys_exit         usart_bsp.o
    0x08006d92   0x0000000c   Code   RO         4687    i.bldc0_actutor_dir_set  bldc_sys_bldc_drive.o
    0x08006d9e   0x0000000c   Code   RO         4688    i.bldc0_actutor_disable  bldc_sys_bldc_drive.o
    0x08006daa   0x0000000c   Code   RO         4689    i.bldc0_actutor_enable  bldc_sys_bldc_drive.o
    0x08006db6   0x0000000c   Code   RO         4690    i.bldc0_actutor_init  bldc_sys_bldc_drive.o
    0x08006dc2   0x00000002   PAD
    0x08006dc4   0x00000034   Code   RO         4691    i.bldc0_actutor_speed_set  bldc_sys_bldc_drive.o
    0x08006df8   0x0000004c   Code   RO         4942    i.bldc0_commutation_uhvl  commutation.o
    0x08006e44   0x0000004c   Code   RO         4943    i.bldc0_commutation_uhwl  commutation.o
    0x08006e90   0x00000050   Code   RO         4944    i.bldc0_commutation_vhul  commutation.o
    0x08006ee0   0x0000004c   Code   RO         4945    i.bldc0_commutation_vhwl  commutation.o
    0x08006f2c   0x0000004c   Code   RO         4946    i.bldc0_commutation_whul  commutation.o
    0x08006f78   0x0000004c   Code   RO         4947    i.bldc0_commutation_whvl  commutation.o
    0x08006fc4   0x0000000c   Code   RO         5144    i.bldc0_dir_set     pwm.o
    0x08006fd0   0x00000008   Code   RO         4761    i.bldc0_feedback_disable  bldc_sys_bldc_feedback.o
    0x08006fd8   0x00000014   Code   RO         4762    i.bldc0_feedback_enable  bldc_sys_bldc_feedback.o
    0x08006fec   0x00000008   Code   RO         4763    i.bldc0_feedback_init  bldc_sys_bldc_feedback.o
    0x08006ff4   0x00000030   Code   RO         4948    i.bldc0_hall_commutation  commutation.o
    0x08007024   0x0000002c   Code   RO         4949    i.bldc0_hall_commutation_failure  commutation.o
    0x08007050   0x00000030   Code   RO         5013    i.bldc0_hall_disable  hall.o
    0x08007080   0x00000030   Code   RO         5014    i.bldc0_hall_enable  hall.o
    0x080070b0   0x00000014   Code   RO         5015    i.bldc0_hall_failure  hall.o
    0x080070c4   0x00000048   Code   RO         5016    i.bldc0_hall_getstate  hall.o
    0x0800710c   0x000000c0   Code   RO         5017    i.bldc0_hall_gpio_init  hall.o
    0x080071cc   0x0000000c   Code   RO         5018    i.bldc0_hall_init   hall.o
    0x080071d8   0x00000074   Code   RO         5019    i.bldc0_hall_tim_init  hall.o
    0x0800724c   0x0000000c   Code   RO         4811    i.bldc0_loop        bldc_sys_ctrl.o
    0x08007258   0x00000010   Code   RO         4812    i.bldc0_loop_disable  bldc_sys_ctrl.o
    0x08007268   0x00000010   Code   RO         4813    i.bldc0_loop_enable  bldc_sys_ctrl.o
    0x08007278   0x00000008   Code   RO         4814    i.bldc0_loop_init   bldc_sys_ctrl.o
    0x08007280   0x00000064   Code   RO         4815    i.bldc0_loop_tim_init  bldc_sys_ctrl.o
    0x080072e4   0x0000003c   Code   RO         4816    i.bldc0_para_reset  bldc_sys_ctrl.o
    0x08007320   0x00000064   Code   RO         5145    i.bldc0_pwm_disable  pwm.o
    0x08007384   0x00000020   Code   RO         5146    i.bldc0_pwm_enable  pwm.o
    0x080073a4   0x0000015c   Code   RO         5147    i.bldc0_pwm_gpio_init  pwm.o
    0x08007500   0x0000000c   Code   RO         5148    i.bldc0_pwm_init    pwm.o
    0x0800750c   0x00000030   Code   RO         5149    i.bldc0_pwm_set     pwm.o
    0x0800753c   0x000000a8   Code   RO         5150    i.bldc0_pwm_tim_init  pwm.o
    0x080075e4   0x00000014   Code   RO         4817    i.bldc0_reverse     bldc_sys_ctrl.o
    0x080075f8   0x00000014   Code   RO         4692    i.bldc0_sd_disable  bldc_sys_bldc_drive.o
    0x0800760c   0x00000014   Code   RO         4693    i.bldc0_sd_enable   bldc_sys_bldc_drive.o
    0x08007620   0x0000004c   Code   RO         4694    i.bldc0_sd_init     bldc_sys_bldc_drive.o
    0x0800766c   0x000000d4   Code   RO         4764    i.bldc0_speed_dir_feedback  bldc_sys_bldc_feedback.o
    0x08007740   0x000000b8   Code   RO         4818    i.bldc0_speed_down  bldc_sys_ctrl.o
    0x080077f8   0x00000144   Code   RO         4765    i.bldc0_speed_feedback  bldc_sys_bldc_feedback.o
    0x0800793c   0x00000080   Code   RO         4819    i.bldc0_speed_loop  bldc_sys_ctrl.o
    0x080079bc   0x000000b8   Code   RO         4820    i.bldc0_speed_up    bldc_sys_ctrl.o
    0x08007a74   0x00000014   Code   RO         4821    i.bldc0_system_disable  bldc_sys_ctrl.o
    0x08007a88   0x0000004c   Code   RO         4822    i.bldc0_system_enable  bldc_sys_ctrl.o
    0x08007ad4   0x00000020   Code   RO         4823    i.bldc0_system_init  bldc_sys_ctrl.o
    0x08007af4   0x00000024   Code   RO         4488    i.delay_init        core_delay.o
    0x08007b18   0x00000032   Code   RO         4489    i.delay_ms          core_delay.o
    0x08007b4a   0x00000002   PAD
    0x08007b4c   0x00000048   Code   RO         4490    i.delay_us          core_delay.o
    0x08007b94   0x0000001c   Code   RO         4617    i.fputc             usart_bsp.o
    0x08007bb0   0x000002f4   Code   RO         4281    i.main              main.o
    0x08007ea4   0x0000002c   Code   RO         5362    locale$$code        c_w.l(lc_numeric_c.o)
    0x08007ed0   0x0000000a   Code   RO         5445    x$fpl$fpinit        fz_wv.l(fpinit.o)
    0x08007eda   0x00000004   Code   RO         5290    x$fpl$printf1       fz_wv.l(printf1.o)
    0x08007ede   0x00000000   Code   RO         5366    x$fpl$usenofp       fz_wv.l(usenofp.o)
    0x08007ede   0x00000010   Data   RO           15    .constdata          system_stm32h7xx.o
    0x08007eee   0x00000011   Data   RO         5274    .constdata          c_w.l(__printf_flags_wp.o)
    0x08007eff   0x00000001   PAD
    0x08007f00   0x00000094   Data   RO         5333    .constdata          c_w.l(bigflt0.o)
    0x08007f94   0x00000020   Data   RO         5512    Region$$Table       anon$$obj.o
    0x08007fb4   0x0000001c   Data   RO         5361    locale$$data        c_w.l(lc_numeric_c.o)


    Execution Region RW_IRAM1 (Base: 0x20000000, Size: 0x00000a50, Max: 0x00020000, ABSOLUTE)

    Base Addr    Size         Type   Attr      Idx    E Section Name        Object

    0x20000000   0x00000008   Data   RW           16    .data               system_stm32h7xx.o
    0x20000008   0x00000009   Data   RW          218    .data               stm32h7xx_hal.o
    0x20000011   0x00000003   PAD
    0x20000014   0x00000004   Data   RW         4283    .data               main.o
    0x20000018   0x00000004   Data   RW         4491    .data               core_delay.o
    0x2000001c   0x00000008   Data   RW         4619    .data               usart_bsp.o
    0x20000024   0x00000001   Data   RW         4766    .data               bldc_sys_bldc_feedback.o
    0x20000025   0x00000003   PAD
    0x20000028   0x00000018   Data   RW         4950    .data               commutation.o
    0x20000040   0x0000022c   Zero   RW         4282    .bss                main.o
    0x2000026c   0x00000154   Zero   RW         4618    .bss                usart_bsp.o
    0x200003c0   0x0000002a   Zero   RW         5207    .bss                datascope_dp.o
    0x200003ea   0x00000002   PAD
    0x200003ec   0x00000060   Zero   RW         5370    .bss                c_w.l(libspace.o)
    0x2000044c   0x00000004   PAD
    0x20000450   0x00000200   Zero   RW            2    HEAP                startup_stm32h743xx.o
    0x20000650   0x00000400   Zero   RW            1    STACK               startup_stm32h743xx.o


==============================================================================

Image component sizes


      Code (inc. data)   RO Data    RW Data    ZI Data      Debug   Object Name

       216         26          0          0          0       7047   bldc_sys_bldc_drive.o
       572         44          0          1          0       3310   bldc_sys_bldc_feedback.o
       872        116          0          0          0       7770   bldc_sys_ctrl.o
       108         10          0          0          0       1658   bldc_sys_tim_callback.o
       552         96          0         24          0       4935   commutation.o
       158         16          0          4          0       1963   core_delay.o
       460         48          0          0         42       3534   datascope_dp.o
       524         58          0          0          0       4532   hall.o
       410         44          0          0          0       3672   key_bsp.o
        68         10          0          0          0        871   led_bsp.o
      1004        326          0          4        556       4325   main.o
       720         70          0          0          0       4128   pwm.o
        64         26        664          0       1536        956   startup_stm32h743xx.o
       210         40          0          9          0      22164   stm32h7xx_hal.o
       352         22          0          0          0      41113   stm32h7xx_hal_cortex.o
       672          8          0          0          0       2331   stm32h7xx_hal_dma.o
       576         56          0          0          0       3634   stm32h7xx_hal_gpio.o
        96          6          0          0          0        761   stm32h7xx_hal_pwr_ex.o
      3308        102          0          0          0       6524   stm32h7xx_hal_rcc.o
      4800        122          0          0          0       7687   stm32h7xx_hal_rcc_ex.o
      2638        250          0          0          0      16655   stm32h7xx_hal_tim.o
       476         20          0          0          0       5774   stm32h7xx_hal_tim_ex.o
      7384        158          0          0          0      13618   stm32h7xx_hal_uart.o
         6          0          0          0          0       2165   stm32h7xx_hal_uart_ex.o
        32          0          0          0          0       4138   stm32h7xx_it.o
       168         22         16          8          0    1250537   system_stm32h7xx.o
       324         32          0          8        340       4887   usart_bsp.o

    ----------------------------------------------------------------------
     26792       1728        712         64       2476    1430689   Object Totals
         0          0         32          0          0          0   (incl. Generated)
        22          0          0          6          2          0   (incl. Padding)

    ----------------------------------------------------------------------

      Code (inc. data)   RO Data    RW Data    ZI Data      Debug   Library Member Name

         8          0          0          0          0         68   __main.o
       312          4         17          0          0         92   __printf_flags_wp.o
        14          0          0          0          0         68   __printf_wp.o
         0          0          0          0          0          0   __rtentry.o
        12          0          0          0          0          0   __rtentry2.o
         6          0          0          0          0          0   __rtentry4.o
        52          8          0          0          0          0   __scatter.o
        26          0          0          0          0          0   __scatter_copy.o
        28          0          0          0          0          0   __scatter_zi.o
        48          6          0          0          0         96   _printf_char_common.o
        36          4          0          0          0         80   _printf_char_file.o
         6          0          0          0          0          0   _printf_d.o
       120         16          0          0          0         92   _printf_dec.o
         6          0          0          0          0          0   _printf_f.o
      1050          0          0          0          0        216   _printf_fp_dec.o
       128         16          0          0          0         84   _printf_fp_infnan.o
       178          0          0          0          0         88   _printf_intcommon.o
         0          0          0          0          0          0   _printf_percent.o
         4          0          0          0          0          0   _printf_percent_end.o
       220          4        148          0          0         96   bigflt0.o
      1910        128          0          0          0        672   btod.o
        18          0          0          0          0         80   exit.o
         8          0          0          0          0         68   ferror.o
         6          0          0          0          0        152   heapauxi.o
        44         10         28          0          0         76   lc_numeric_c.o
         2          0          0          0          0          0   libinit.o
        22          0          0          0          0          0   libinit2.o
         2          0          0          0          0          0   libshutdown.o
         2          0          0          0          0          0   libshutdown2.o
         8          4          0          0         96         68   libspace.o
       138          0          0          0          0         80   lludiv10.o
       238          0          0          0          0        100   lludivv7m.o
        24          4          0          0          0         84   noretval__2printf.o
         8          4          0          0          0         68   rt_locale_intlibspace.o
        78          0          0          0          0         80   rt_memclr_w.o
         2          0          0          0          0          0   rtexit.o
        10          0          0          0          0          0   rtexit2.o
       104          0          0          0          0         68   strcmpv7m_pel.o
        74          0          0          0          0         80   sys_stackheap_outer.o
        10          0          0          0          0        116   fpinit.o
         4          0          0          0          0        116   printf1.o
         0          0          0          0          0          0   usenofp.o
        48          0          0          0          0        124   fpclassify.o

    ----------------------------------------------------------------------
      5022        208        194          0        100       3012   Library Totals
         8          0          1          0          4          0   (incl. Padding)

    ----------------------------------------------------------------------

      Code (inc. data)   RO Data    RW Data    ZI Data      Debug   Library Name

      4952        208        193          0         96       2656   c_w.l
        14          0          0          0          0        232   fz_wv.l
        48          0          0          0          0        124   m_wv.l

    ----------------------------------------------------------------------
      5022        208        194          0        100       3012   Library Totals

    ----------------------------------------------------------------------

==============================================================================


      Code (inc. data)   RO Data    RW Data    ZI Data      Debug   

     31814       1936        906         64       2576    1416997   Grand Totals
     31814       1936        906         64       2576    1416997   ELF Image Totals
     31814       1936        906         64          0          0   ROM Totals

==============================================================================

    Total RO  Size (Code + RO Data)                32720 (  31.95kB)
    Total RW  Size (RW Data + ZI Data)              2640 (   2.58kB)
    Total ROM Size (Code + RO Data + RW Data)      32784 (  32.02kB)

==============================================================================

